0 0 0 0 0 
4 0 2 7 0 
4 0 0 0 1 
13 0 2 1 1 
0 0 0 0 0 
21 1 0 0 0 
0 0 0 0 0 
0 0 0 0 0 
0 0 0 0 0 
0 0 0 0 0 
