7 43 
56 13 
73 3 
78 24 
0 0 
111 3 
153 12 
0 0 
0 0 
44 22 
