0 0 6 2 
9 7 0 0 
0 4 8 6 
2 2 11 2 
3 4 9 5 
7 1 8 7 
0 2 12 3 
10 0 3 0 
10 5 7 0 
1 0 6 4 
