0 0 0 0 0 0 
2 3 0 0 4 5 
1 2 0 1 10 0 
3 0 0 0 5 5 
0 2 1 5 2 0 
1 1 1 2 4 5 
0 5 1 5 1 1 
3 2 0 0 2 0 
0 0 0 0 0 0 
8 0 0 2 0 0 
