1 0 1 0 2 5 7 
0 0 0 0 1 2 7 
0 0 2 1 1 0 15 
35 1 0 0 0 0 0 
0 0 0 0 0 0 0 
3 0 0 0 2 2 0 
0 1 0 1 0 1 5 
0 1 1 0 6 1 2 
3 0 0 0 0 2 15 
1 1 1 0 0 0 14 
