0 0 0 0 
0 0 0 0 
0 0 0 0 
0 0 0 0 
3 0 5 3 
0 0 0 0 
3 2 1 5 
0 0 0 0 
0 0 0 0 
0 0 0 0 
