0 1 0 3 7 0 
0 1 4 3 0 3 
2 0 1 1 0 3 
0 0 0 0 0 0 
0 0 0 0 0 0 
0 0 0 0 0 0 
0 0 2 0 1 1 
3 0 2 0 4 2 
0 1 1 0 1 6 
0 0 0 0 0 0 
