Enter a sequence of space separated strings to encode: The number of bits required to represent this string with a Huffman encoding: 21948
