Enter a string for the Turing machine to use as input: Enter space separated state names: Enter the start state: Enter a blank symbol for the tape: Enter space separated accepting states: Enter symbols of the input alphabet separated by spaces: Enter symbols of the tape alphabet separated by spaces: Enter the number of transitions in the Turing machine: Enter one transition per line with the initial state, symbol being read on the tape, destination state, symbol written to the tape, and tape head direction (L or R) separated by spaces: 
Config: A1001011+100010
Config: 1A001011+100010
Config: 10A01011+100010
Config: 100A1011+100010
Config: 1001A011+100010
Config: 10010A11+100010
Config: 100101A1+100010
Config: 1001011A+100010
Config: 1001011+B100010
Config: 1001011+1B00010
Config: 1001011+10B0010
Config: 1001011+100B010
Config: 1001011+1000B10
Config: 1001011+10001B0
Config: 1001011+100010Bb
Config: 1001011+10001C0
Config: 1001011+1000C11
Config: 1001011+100D001
Config: 1001011+10D0001
Config: 1001011+1D00001
Config: 1001011+D100001
Config: 1001011D+100001
Config: 100101E1+100001
Config: 10010E10+100001
Config: 1001E000+100001
Config: 10011A00+100001
Config: 100110A0+100001
Config: 1001100A+100001
Config: 1001100+B100001
Config: 1001100+1B00001
Config: 1001100+10B0001
Config: 1001100+100B001
Config: 1001100+1000B01
Config: 1001100+10000B1
Config: 1001100+100001Bb
Config: 1001100+10000C1
Config: 1001100+1000D00
Config: 1001100+100D000
Config: 1001100+10D0000
Config: 1001100+1D00000
Config: 1001100+D100000
Config: 1001100D+100000
Config: 100110E0+100000
Config: 1001101A+100000
Config: 1001101+B100000
Config: 1001101+1B00000
Config: 1001101+10B0000
Config: 1001101+100B000
Config: 1001101+1000B00
Config: 1001101+10000B0
Config: 1001101+100000Bb
Config: 1001101+10000C0
Config: 1001101+1000C01
Config: 1001101+100C011
Config: 1001101+10C0111
Config: 1001101+1C01111
Config: 1001101+C111111
Config: 1001101D+011111
Config: 100110E1+011111
Config: 10011E00+011111
Config: 100111A0+011111
Config: 1001110A+011111
Config: 1001110+B011111
Config: 1001110+0B11111
Config: 1001110+01B1111
Config: 1001110+011B111
Config: 1001110+0111B11
Config: 1001110+01111B1
Config: 1001110+011111Bb
Config: 1001110+01111C1
Config: 1001110+0111D10
Config: 1001110+011D110
Config: 1001110+01D1110
Config: 1001110+0D11110
Config: 1001110+D011110
Config: 1001110D+011110
Config: 100111E0+011110
Config: 1001111A+011110
Config: 1001111+B011110
Config: 1001111+0B11110
Config: 1001111+01B1110
Config: 1001111+011B110
Config: 1001111+0111B10
Config: 1001111+01111B0
Config: 1001111+011110Bb
Config: 1001111+01111C0
Config: 1001111+0111C11
Config: 1001111+011D101
Config: 1001111+01D1101
Config: 1001111+0D11101
Config: 1001111+D011101
Config: 1001111D+011101
Config: 100111E1+011101
Config: 10011E10+011101
Config: 1001E100+011101
Config: 100E1000+011101
Config: 10E00000+011101
Config: 101A0000+011101
Config: 1010A000+011101
Config: 10100A00+011101
Config: 101000A0+011101
Config: 1010000A+011101
Config: 1010000+B011101
Config: 1010000+0B11101
Config: 1010000+01B1101
Config: 1010000+011B101
Config: 1010000+0111B01
Config: 1010000+01110B1
Config: 1010000+011101Bb
Config: 1010000+01110C1
Config: 1010000+0111D00
Config: 1010000+011D100
Config: 1010000+01D1100
Config: 1010000+0D11100
Config: 1010000+D011100
Config: 1010000D+011100
Config: 101000E0+011100
Config: 1010001A+011100
Config: 1010001+B011100
Config: 1010001+0B11100
Config: 1010001+01B1100
Config: 1010001+011B100
Config: 1010001+0111B00
Config: 1010001+01110B0
Config: 1010001+011100Bb
Config: 1010001+01110C0
Config: 1010001+0111C01
Config: 1010001+011C111
Config: 1010001+01D1011
Config: 1010001+0D11011
Config: 1010001+D011011
Config: 1010001D+011011
Config: 101000E1+011011
Config: 10100E00+011011
Config: 101001A0+011011
Config: 1010010A+011011
Config: 1010010+B011011
Config: 1010010+0B11011
Config: 1010010+01B1011
Config: 1010010+011B011
Config: 1010010+0110B11
Config: 1010010+01101B1
Config: 1010010+011011Bb
Config: 1010010+01101C1
Config: 1010010+0110D10
Config: 1010010+011D010
Config: 1010010+01D1010
Config: 1010010+0D11010
Config: 1010010+D011010
Config: 1010010D+011010
Config: 101001E0+011010
Config: 1010011A+011010
Config: 1010011+B011010
Config: 1010011+0B11010
Config: 1010011+01B1010
Config: 1010011+011B010
Config: 1010011+0110B10
Config: 1010011+01101B0
Config: 1010011+011010Bb
Config: 1010011+01101C0
Config: 1010011+0110C11
Config: 1010011+011D001
Config: 1010011+01D1001
Config: 1010011+0D11001
Config: 1010011+D011001
Config: 1010011D+011001
Config: 101001E1+011001
Config: 10100E10+011001
Config: 1010E000+011001
Config: 10101A00+011001
Config: 101010A0+011001
Config: 1010100A+011001
Config: 1010100+B011001
Config: 1010100+0B11001
Config: 1010100+01B1001
Config: 1010100+011B001
Config: 1010100+0110B01
Config: 1010100+01100B1
Config: 1010100+011001Bb
Config: 1010100+01100C1
Config: 1010100+0110D00
Config: 1010100+011D000
Config: 1010100+01D1000
Config: 1010100+0D11000
Config: 1010100+D011000
Config: 1010100D+011000
Config: 101010E0+011000
Config: 1010101A+011000
Config: 1010101+B011000
Config: 1010101+0B11000
Config: 1010101+01B1000
Config: 1010101+011B000
Config: 1010101+0110B00
Config: 1010101+01100B0
Config: 1010101+011000Bb
Config: 1010101+01100C0
Config: 1010101+0110C01
Config: 1010101+011C011
Config: 1010101+01C1111
Config: 1010101+0D10111
Config: 1010101+D010111
Config: 1010101D+010111
Config: 101010E1+010111
Config: 10101E00+010111
Config: 101011A0+010111
Config: 1010110A+010111
Config: 1010110+B010111
Config: 1010110+0B10111
Config: 1010110+01B0111
Config: 1010110+010B111
Config: 1010110+0101B11
Config: 1010110+01011B1
Config: 1010110+010111Bb
Config: 1010110+01011C1
Config: 1010110+0101D10
Config: 1010110+010D110
Config: 1010110+01D0110
Config: 1010110+0D10110
Config: 1010110+D010110
Config: 1010110D+010110
Config: 101011E0+010110
Config: 1010111A+010110
Config: 1010111+B010110
Config: 1010111+0B10110
Config: 1010111+01B0110
Config: 1010111+010B110
Config: 1010111+0101B10
Config: 1010111+01011B0
Config: 1010111+010110Bb
Config: 1010111+01011C0
Config: 1010111+0101C11
Config: 1010111+010D101
Config: 1010111+01D0101
Config: 1010111+0D10101
Config: 1010111+D010101
Config: 1010111D+010101
Config: 101011E1+010101
Config: 10101E10+010101
Config: 1010E100+010101
Config: 101E0000+010101
Config: 1011A000+010101
Config: 10110A00+010101
Config: 101100A0+010101
Config: 1011000A+010101
Config: 1011000+B010101
Config: 1011000+0B10101
Config: 1011000+01B0101
Config: 1011000+010B101
Config: 1011000+0101B01
Config: 1011000+01010B1
Config: 1011000+010101Bb
Config: 1011000+01010C1
Config: 1011000+0101D00
Config: 1011000+010D100
Config: 1011000+01D0100
Config: 1011000+0D10100
Config: 1011000+D010100
Config: 1011000D+010100
Config: 101100E0+010100
Config: 1011001A+010100
Config: 1011001+B010100
Config: 1011001+0B10100
Config: 1011001+01B0100
Config: 1011001+010B100
Config: 1011001+0101B00
Config: 1011001+01010B0
Config: 1011001+010100Bb
Config: 1011001+01010C0
Config: 1011001+0101C01
Config: 1011001+010C111
Config: 1011001+01D0011
Config: 1011001+0D10011
Config: 1011001+D010011
Config: 1011001D+010011
Config: 101100E1+010011
Config: 10110E00+010011
Config: 101101A0+010011
Config: 1011010A+010011
Config: 1011010+B010011
Config: 1011010+0B10011
Config: 1011010+01B0011
Config: 1011010+010B011
Config: 1011010+0100B11
Config: 1011010+01001B1
Config: 1011010+010011Bb
Config: 1011010+01001C1
Config: 1011010+0100D10
Config: 1011010+010D010
Config: 1011010+01D0010
Config: 1011010+0D10010
Config: 1011010+D010010
Config: 1011010D+010010
Config: 101101E0+010010
Config: 1011011A+010010
Config: 1011011+B010010
Config: 1011011+0B10010
Config: 1011011+01B0010
Config: 1011011+010B010
Config: 1011011+0100B10
Config: 1011011+01001B0
Config: 1011011+010010Bb
Config: 1011011+01001C0
Config: 1011011+0100C11
Config: 1011011+010D001
Config: 1011011+01D0001
Config: 1011011+0D10001
Config: 1011011+D010001
Config: 1011011D+010001
Config: 101101E1+010001
Config: 10110E10+010001
Config: 1011E000+010001
Config: 10111A00+010001
Config: 101110A0+010001
Config: 1011100A+010001
Config: 1011100+B010001
Config: 1011100+0B10001
Config: 1011100+01B0001
Config: 1011100+010B001
Config: 1011100+0100B01
Config: 1011100+01000B1
Config: 1011100+010001Bb
Config: 1011100+01000C1
Config: 1011100+0100D00
Config: 1011100+010D000
Config: 1011100+01D0000
Config: 1011100+0D10000
Config: 1011100+D010000
Config: 1011100D+010000
Config: 101110E0+010000
Config: 1011101A+010000
Config: 1011101+B010000
Config: 1011101+0B10000
Config: 1011101+01B0000
Config: 1011101+010B000
Config: 1011101+0100B00
Config: 1011101+01000B0
Config: 1011101+010000Bb
Config: 1011101+01000C0
Config: 1011101+0100C01
Config: 1011101+010C011
Config: 1011101+01C0111
Config: 1011101+0C11111
Config: 1011101+D001111
Config: 1011101D+001111
Config: 101110E1+001111
Config: 10111E00+001111
Config: 101111A0+001111
Config: 1011110A+001111
Config: 1011110+B001111
Config: 1011110+0B01111
Config: 1011110+00B1111
Config: 1011110+001B111
Config: 1011110+0011B11
Config: 1011110+00111B1
Config: 1011110+001111Bb
Config: 1011110+00111C1
Config: 1011110+0011D10
Config: 1011110+001D110
Config: 1011110+00D1110
Config: 1011110+0D01110
Config: 1011110+D001110
Config: 1011110D+001110
Config: 101111E0+001110
Config: 1011111A+001110
Config: 1011111+B001110
Config: 1011111+0B01110
Config: 1011111+00B1110
Config: 1011111+001B110
Config: 1011111+0011B10
Config: 1011111+00111B0
Config: 1011111+001110Bb
Config: 1011111+00111C0
Config: 1011111+0011C11
Config: 1011111+001D101
Config: 1011111+00D1101
Config: 1011111+0D01101
Config: 1011111+D001101
Config: 1011111D+001101
Config: 101111E1+001101
Config: 10111E10+001101
Config: 1011E100+001101
Config: 101E1000+001101
Config: 10E10000+001101
Config: 1E000000+001101
Config: 11A00000+001101
Config: 110A0000+001101
Config: 1100A000+001101
Config: 11000A00+001101
Config: 110000A0+001101
Config: 1100000A+001101
Config: 1100000+B001101
Config: 1100000+0B01101
Config: 1100000+00B1101
Config: 1100000+001B101
Config: 1100000+0011B01
Config: 1100000+00110B1
Config: 1100000+001101Bb
Config: 1100000+00110C1
Config: 1100000+0011D00
Config: 1100000+001D100
Config: 1100000+00D1100
Config: 1100000+0D01100
Config: 1100000+D001100
Config: 1100000D+001100
Config: 110000E0+001100
Config: 1100001A+001100
Config: 1100001+B001100
Config: 1100001+0B01100
Config: 1100001+00B1100
Config: 1100001+001B100
Config: 1100001+0011B00
Config: 1100001+00110B0
Config: 1100001+001100Bb
Config: 1100001+00110C0
Config: 1100001+0011C01
Config: 1100001+001C111
Config: 1100001+00D1011
Config: 1100001+0D01011
Config: 1100001+D001011
Config: 1100001D+001011
Config: 110000E1+001011
Config: 11000E00+001011
Config: 110001A0+001011
Config: 1100010A+001011
Config: 1100010+B001011
Config: 1100010+0B01011
Config: 1100010+00B1011
Config: 1100010+001B011
Config: 1100010+0010B11
Config: 1100010+00101B1
Config: 1100010+001011Bb
Config: 1100010+00101C1
Config: 1100010+0010D10
Config: 1100010+001D010
Config: 1100010+00D1010
Config: 1100010+0D01010
Config: 1100010+D001010
Config: 1100010D+001010
Config: 110001E0+001010
Config: 1100011A+001010
Config: 1100011+B001010
Config: 1100011+0B01010
Config: 1100011+00B1010
Config: 1100011+001B010
Config: 1100011+0010B10
Config: 1100011+00101B0
Config: 1100011+001010Bb
Config: 1100011+00101C0
Config: 1100011+0010C11
Config: 1100011+001D001
Config: 1100011+00D1001
Config: 1100011+0D01001
Config: 1100011+D001001
Config: 1100011D+001001
Config: 110001E1+001001
Config: 11000E10+001001
Config: 1100E000+001001
Config: 11001A00+001001
Config: 110010A0+001001
Config: 1100100A+001001
Config: 1100100+B001001
Config: 1100100+0B01001
Config: 1100100+00B1001
Config: 1100100+001B001
Config: 1100100+0010B01
Config: 1100100+00100B1
Config: 1100100+001001Bb
Config: 1100100+00100C1
Config: 1100100+0010D00
Config: 1100100+001D000
Config: 1100100+00D1000
Config: 1100100+0D01000
Config: 1100100+D001000
Config: 1100100D+001000
Config: 110010E0+001000
Config: 1100101A+001000
Config: 1100101+B001000
Config: 1100101+0B01000
Config: 1100101+00B1000
Config: 1100101+001B000
Config: 1100101+0010B00
Config: 1100101+00100B0
Config: 1100101+001000Bb
Config: 1100101+00100C0
Config: 1100101+0010C01
Config: 1100101+001C011
Config: 1100101+00C1111
Config: 1100101+0D00111
Config: 1100101+D000111
Config: 1100101D+000111
Config: 110010E1+000111
Config: 11001E00+000111
Config: 110011A0+000111
Config: 1100110A+000111
Config: 1100110+B000111
Config: 1100110+0B00111
Config: 1100110+00B0111
Config: 1100110+000B111
Config: 1100110+0001B11
Config: 1100110+00011B1
Config: 1100110+000111Bb
Config: 1100110+00011C1
Config: 1100110+0001D10
Config: 1100110+000D110
Config: 1100110+00D0110
Config: 1100110+0D00110
Config: 1100110+D000110
Config: 1100110D+000110
Config: 110011E0+000110
Config: 1100111A+000110
Config: 1100111+B000110
Config: 1100111+0B00110
Config: 1100111+00B0110
Config: 1100111+000B110
Config: 1100111+0001B10
Config: 1100111+00011B0
Config: 1100111+000110Bb
Config: 1100111+00011C0
Config: 1100111+0001C11
Config: 1100111+000D101
Config: 1100111+00D0101
Config: 1100111+0D00101
Config: 1100111+D000101
Config: 1100111D+000101
Config: 110011E1+000101
Config: 11001E10+000101
Config: 1100E100+000101
Config: 110E0000+000101
Config: 1101A000+000101
Config: 11010A00+000101
Config: 110100A0+000101
Config: 1101000A+000101
Config: 1101000+B000101
Config: 1101000+0B00101
Config: 1101000+00B0101
Config: 1101000+000B101
Config: 1101000+0001B01
Config: 1101000+00010B1
Config: 1101000+000101Bb
Config: 1101000+00010C1
Config: 1101000+0001D00
Config: 1101000+000D100
Config: 1101000+00D0100
Config: 1101000+0D00100
Config: 1101000+D000100
Config: 1101000D+000100
Config: 110100E0+000100
Config: 1101001A+000100
Config: 1101001+B000100
Config: 1101001+0B00100
Config: 1101001+00B0100
Config: 1101001+000B100
Config: 1101001+0001B00
Config: 1101001+00010B0
Config: 1101001+000100Bb
Config: 1101001+00010C0
Config: 1101001+0001C01
Config: 1101001+000C111
Config: 1101001+00D0011
Config: 1101001+0D00011
Config: 1101001+D000011
Config: 1101001D+000011
Config: 110100E1+000011
Config: 11010E00+000011
Config: 110101A0+000011
Config: 1101010A+000011
Config: 1101010+B000011
Config: 1101010+0B00011
Config: 1101010+00B0011
Config: 1101010+000B011
Config: 1101010+0000B11
Config: 1101010+00001B1
Config: 1101010+000011Bb
Config: 1101010+00001C1
Config: 1101010+0000D10
Config: 1101010+000D010
Config: 1101010+00D0010
Config: 1101010+0D00010
Config: 1101010+D000010
Config: 1101010D+000010
Config: 110101E0+000010
Config: 1101011A+000010
Config: 1101011+B000010
Config: 1101011+0B00010
Config: 1101011+00B0010
Config: 1101011+000B010
Config: 1101011+0000B10
Config: 1101011+00001B0
Config: 1101011+000010Bb
Config: 1101011+00001C0
Config: 1101011+0000C11
Config: 1101011+000D001
Config: 1101011+00D0001
Config: 1101011+0D00001
Config: 1101011+D000001
Config: 1101011D+000001
Config: 110101E1+000001
Config: 11010E10+000001
Config: 1101E000+000001
Config: 11011A00+000001
Config: 110110A0+000001
Config: 1101100A+000001
Config: 1101100+B000001
Config: 1101100+0B00001
Config: 1101100+00B0001
Config: 1101100+000B001
Config: 1101100+0000B01
Config: 1101100+00000B1
Config: 1101100+000001Bb
Config: 1101100+00000C1
Config: 1101100+0000D00
Config: 1101100+000D000
Config: 1101100+00D0000
Config: 1101100+0D00000
Config: 1101100+D000000
Config: 1101100D+000000
Config: 110110E0+000000
Config: 1101101A+000000
Config: 1101101+B000000
Config: 1101101+0B00000
Config: 1101101+00B0000
Config: 1101101+000B000
Config: 1101101+0000B00
Config: 1101101+00000B0
Config: 1101101+000000Bb
Config: 1101101+00000C0
Config: 1101101+0000C01
Config: 1101101+000C011
Config: 1101101+00C0111
Config: 1101101+0C01111
Config: 1101101+C011111
Config: 1101101C+111111
Config: 1101101+F111111
Config: 1101101+bF11111
Config: 1101101+bbF1111
Config: 1101101+bbbF111
Config: 1101101+bbbbF11
Config: 1101101+bbbbbF1
Config: 1101101+bbbbbbFb
Config: 1101101+bbbbbbbGb
1001011+100010 is in the language recognized by the Turing machine
