Enter a string for the Turing machine to use as input: Enter space separated state names: Enter the start state: Enter a blank symbol for the tape: Enter space separated accepting states: Enter symbols of the input alphabet separated by spaces: Enter symbols of the tape alphabet separated by spaces: Enter the number of transitions in the Turing machine: Enter one transition per line with the initial state, symbol being read on the tape, destination state, symbol written to the tape, and tape head direction (L or R) separated by spaces: 
Config: Aabaaaaaba
Config: XBbaaaaaba
Config: XbCaaaaaba
Config: XbaCaaaaba
Config: XbaaCaaaba
Config: XbaaaCaaba
Config: XbaaaaCaba
Config: XbaaaaaCba
Config: XbaaaaabCa
Config: XbaaaaabaCO
Config: XbaaaaabDa
Config: XbaaaaaEbX
Config: XbaaaaEabX
Config: XbaaaEaabX
Config: XbaaEaaabX
Config: XbaEaaaabX
Config: XbEaaaaabX
Config: XEbaaaaabX
Config: EXbaaaaabX
Config: XAbaaaaabX
Config: XXFaaaaabX
Config: XXaGaaaabX
Config: XXaaGaaabX
Config: XXaaaGaabX
Config: XXaaaaGabX
Config: XXaaaaaGbX
Config: XXaaaaabGX
Config: XXaaaaaHbX
Config: XXaaaaEaXX
Config: XXaaaEaaXX
Config: XXaaEaaaXX
Config: XXaEaaaaXX
Config: XXEaaaaaXX
Config: XEXaaaaaXX
Config: XXAaaaaaXX
Config: XXXBaaaaXX
Config: XXXaCaaaXX
Config: XXXaaCaaXX
Config: XXXaaaCaXX
Config: XXXaaaaCXX
Config: XXXaaaDaXX
Config: XXXaaEaXXX
Config: XXXaEaaXXX
Config: XXXEaaaXXX
Config: XXEXaaaXXX
Config: XXXAaaaXXX
Config: XXXXBaaXXX
Config: XXXXaCaXXX
Config: XXXXaaCXXX
Config: XXXXaDaXXX
Config: XXXXEaXXXX
Config: XXXEXaXXXX
Config: XXXXAaXXXX
Config: XXXXXBXXXX
Config: XXXXXXIXXX
abaaaaaba is in the language recognized by the Turing machine
