Enter a string for the Turing machine to use as input: Enter space separated state names: Enter the start state: Enter a blank symbol for the tape: Enter space separated accepting states: Enter symbols of the input alphabet separated by spaces: Enter symbols of the tape alphabet separated by spaces: Enter the number of transitions in the Turing machine: Enter one transition per line with the initial state, symbol being read on the tape, destination state, symbol written to the tape, and tape head direction (L or R) separated by spaces: 
Config: A11010
Config: 1O1010
Config: B11010
Config: 1C1010
Config: 11C010
Config: 110C10
Config: 1101C0
Config: 11010Cb
Config: 1101E0
Config: 110E11
Config: 11F001
Config: 1F1001
Config: F11001
Config: Fb11001
Config: Gbb11001
Config: 1Db11001
Config: 1bB11001
Config: 1b1C1001
Config: 1b11C001
Config: 1b110C01
Config: 1b1100C1
Config: 1b11001Cb
Config: 1b1100E1
Config: 1b110F00
Config: 1b11F000
Config: 1b1F1000
Config: 1bF11000
Config: 1Fb11000
Config: G1b11000
Config: 2Db11000
Config: 2bB11000
Config: 2b1C1000
Config: 2b11C000
Config: 2b110C00
Config: 2b1100C0
Config: 2b11000Cb
Config: 2b1100E0
Config: 2b110E01
Config: 2b11E011
Config: 2b1E1111
Config: 2bF10111
Config: 2Fb10111
Config: G2b10111
Config: 3Db10111
Config: 3bB10111
Config: 3b1C0111
Config: 3b10C111
Config: 3b101C11
Config: 3b1011C1
Config: 3b10111Cb
Config: 3b1011E1
Config: 3b101F10
Config: 3b10F110
Config: 3b1F0110
Config: 3bF10110
Config: 3Fb10110
Config: G3b10110
Config: 4Db10110
Config: 4bB10110
Config: 4b1C0110
Config: 4b10C110
Config: 4b101C10
Config: 4b1011C0
Config: 4b10110Cb
Config: 4b1011E0
Config: 4b101E11
Config: 4b10F101
Config: 4b1F0101
Config: 4bF10101
Config: 4Fb10101
Config: G4b10101
Config: 5Db10101
Config: 5bB10101
Config: 5b1C0101
Config: 5b10C101
Config: 5b101C01
Config: 5b1010C1
Config: 5b10101Cb
Config: 5b1010E1
Config: 5b101F00
Config: 5b10F100
Config: 5b1F0100
Config: 5bF10100
Config: 5Fb10100
Config: G5b10100
Config: 6Db10100
Config: 6bB10100
Config: 6b1C0100
Config: 6b10C100
Config: 6b101C00
Config: 6b1010C0
Config: 6b10100Cb
Config: 6b1010E0
Config: 6b101E01
Config: 6b10E111
Config: 6b1F0011
Config: 6bF10011
Config: 6Fb10011
Config: G6b10011
Config: 7Db10011
Config: 7bB10011
Config: 7b1C0011
Config: 7b10C011
Config: 7b100C11
Config: 7b1001C1
Config: 7b10011Cb
Config: 7b1001E1
Config: 7b100F10
Config: 7b10F010
Config: 7b1F0010
Config: 7bF10010
Config: 7Fb10010
Config: G7b10010
Config: 8Db10010
Config: 8bB10010
Config: 8b1C0010
Config: 8b10C010
Config: 8b100C10
Config: 8b1001C0
Config: 8b10010Cb
Config: 8b1001E0
Config: 8b100E11
Config: 8b10F001
Config: 8b1F0001
Config: 8bF10001
Config: 8Fb10001
Config: G8b10001
Config: 9Db10001
Config: 9bB10001
Config: 9b1C0001
Config: 9b10C001
Config: 9b100C01
Config: 9b1000C1
Config: 9b10001Cb
Config: 9b1000E1
Config: 9b100F00
Config: 9b10F000
Config: 9b1F0000
Config: 9bF10000
Config: 9Fb10000
Config: G9b10000
Config: Gb0b10000
Config: 1D0b10000
Config: 10Db10000
Config: 10bB10000
Config: 10b1C0000
Config: 10b10C000
Config: 10b100C00
Config: 10b1000C0
Config: 10b10000Cb
Config: 10b1000E0
Config: 10b100E01
Config: 10b10E011
Config: 10b1E0111
Config: 10bE11111
Config: 10Fb01111
Config: 1G0b01111
Config: 11Db01111
Config: 11bB01111
Config: 11b0C1111
Config: 11b01C111
Config: 11b011C11
Config: 11b0111C1
Config: 11b01111Cb
Config: 11b0111E1
Config: 11b011F10
Config: 11b01F110
Config: 11b0F1110
Config: 11bF01110
Config: 11Fb01110
Config: 1G1b01110
Config: 12Db01110
Config: 12bB01110
Config: 12b0C1110
Config: 12b01C110
Config: 12b011C10
Config: 12b0111C0
Config: 12b01110Cb
Config: 12b0111E0
Config: 12b011E11
Config: 12b01F101
Config: 12b0F1101
Config: 12bF01101
Config: 12Fb01101
Config: 1G2b01101
Config: 13Db01101
Config: 13bB01101
Config: 13b0C1101
Config: 13b01C101
Config: 13b011C01
Config: 13b0110C1
Config: 13b01101Cb
Config: 13b0110E1
Config: 13b011F00
Config: 13b01F100
Config: 13b0F1100
Config: 13bF01100
Config: 13Fb01100
Config: 1G3b01100
Config: 14Db01100
Config: 14bB01100
Config: 14b0C1100
Config: 14b01C100
Config: 14b011C00
Config: 14b0110C0
Config: 14b01100Cb
Config: 14b0110E0
Config: 14b011E01
Config: 14b01E111
Config: 14b0F1011
Config: 14bF01011
Config: 14Fb01011
Config: 1G4b01011
Config: 15Db01011
Config: 15bB01011
Config: 15b0C1011
Config: 15b01C011
Config: 15b010C11
Config: 15b0101C1
Config: 15b01011Cb
Config: 15b0101E1
Config: 15b010F10
Config: 15b01F010
Config: 15b0F1010
Config: 15bF01010
Config: 15Fb01010
Config: 1G5b01010
Config: 16Db01010
Config: 16bB01010
Config: 16b0C1010
Config: 16b01C010
Config: 16b010C10
Config: 16b0101C0
Config: 16b01010Cb
Config: 16b0101E0
Config: 16b010E11
Config: 16b01F001
Config: 16b0F1001
Config: 16bF01001
Config: 16Fb01001
Config: 1G6b01001
Config: 17Db01001
Config: 17bB01001
Config: 17b0C1001
Config: 17b01C001
Config: 17b010C01
Config: 17b0100C1
Config: 17b01001Cb
Config: 17b0100E1
Config: 17b010F00
Config: 17b01F000
Config: 17b0F1000
Config: 17bF01000
Config: 17Fb01000
Config: 1G7b01000
Config: 18Db01000
Config: 18bB01000
Config: 18b0C1000
Config: 18b01C000
Config: 18b010C00
Config: 18b0100C0
Config: 18b01000Cb
Config: 18b0100E0
Config: 18b010E01
Config: 18b01E011
Config: 18b0E1111
Config: 18bF00111
Config: 18Fb00111
Config: 1G8b00111
Config: 19Db00111
Config: 19bB00111
Config: 19b0C0111
Config: 19b00C111
Config: 19b001C11
Config: 19b0011C1
Config: 19b00111Cb
Config: 19b0011E1
Config: 19b001F10
Config: 19b00F110
Config: 19b0F0110
Config: 19bF00110
Config: 19Fb00110
Config: 1G9b00110
Config: G10b00110
Config: 2D0b00110
Config: 20Db00110
Config: 20bB00110
Config: 20b0C0110
Config: 20b00C110
Config: 20b001C10
Config: 20b0011C0
Config: 20b00110Cb
Config: 20b0011E0
Config: 20b001E11
Config: 20b00F101
Config: 20b0F0101
Config: 20bF00101
Config: 20Fb00101
Config: 2G0b00101
Config: 21Db00101
Config: 21bB00101
Config: 21b0C0101
Config: 21b00C101
Config: 21b001C01
Config: 21b0010C1
Config: 21b00101Cb
Config: 21b0010E1
Config: 21b001F00
Config: 21b00F100
Config: 21b0F0100
Config: 21bF00100
Config: 21Fb00100
Config: 2G1b00100
Config: 22Db00100
Config: 22bB00100
Config: 22b0C0100
Config: 22b00C100
Config: 22b001C00
Config: 22b0010C0
Config: 22b00100Cb
Config: 22b0010E0
Config: 22b001E01
Config: 22b00E111
Config: 22b0F0011
Config: 22bF00011
Config: 22Fb00011
Config: 2G2b00011
Config: 23Db00011
Config: 23bB00011
Config: 23b0C0011
Config: 23b00C011
Config: 23b000C11
Config: 23b0001C1
Config: 23b00011Cb
Config: 23b0001E1
Config: 23b000F10
Config: 23b00F010
Config: 23b0F0010
Config: 23bF00010
Config: 23Fb00010
Config: 2G3b00010
Config: 24Db00010
Config: 24bB00010
Config: 24b0C0010
Config: 24b00C010
Config: 24b000C10
Config: 24b0001C0
Config: 24b00010Cb
Config: 24b0001E0
Config: 24b000E11
Config: 24b00F001
Config: 24b0F0001
Config: 24bF00001
Config: 24Fb00001
Config: 2G4b00001
Config: 25Db00001
Config: 25bB00001
Config: 25b0C0001
Config: 25b00C001
Config: 25b000C01
Config: 25b0000C1
Config: 25b00001Cb
Config: 25b0000E1
Config: 25b000F00
Config: 25b00F000
Config: 25b0F0000
Config: 25bF00000
Config: 25Fb00000
Config: 2G5b00000
Config: 26Db00000
Config: 26bB00000
Config: 26b0C0000
Config: 26b00C000
Config: 26b000C00
Config: 26b0000C0
Config: 26b00000Cb
Config: 26b0000E0
Config: 26b000E01
Config: 26b00E011
Config: 26b0E0111
Config: 26bE01111
Config: 26Eb11111
Config: 26bH11111
Config: 26bbH1111
Config: 26bbbH111
Config: 26bbbbH11
Config: 26bbbbbH1
Config: 26bbbbbbHb
Config: 26bbbbbIb
Config: 26bbbbIb
Config: 26bbbIb
Config: 26bbIb
Config: 26bIb
Config: 26Ib
Config: 2I6
Config: J26
Config: Jb26
Config: halt26
11010 is in the language recognized by the Turing machine
