Enter a string for the Turing machine to use as input: Enter space separated state names: Enter the start state: Enter a blank symbol for the tape: Enter space separated accepting states: Enter symbols of the input alphabet separated by spaces: Enter symbols of the tape alphabet separated by spaces: Enter the number of transitions in the Turing machine: Enter one transition per line with the initial state, symbol being read on the tape, destination state, symbol written to the tape, and tape head direction (L or R) separated by spaces: 
Config: A1011+0
Config: 1A011+0
Config: 10A11+0
Config: 101A1+0
Config: 1011A+0
Config: 1011+B0
Config: 1011+0Bb
Config: 1011+C0
Config: 1011C+1
Config: 1011+F1
Config: 1011+bFb
Config: 1011+bbGb
1011+0 is in the language recognized by the Turing machine
