Enter a string for the Turing machine to use as input: Enter space separated state names: Enter the start state: Enter a blank symbol for the tape: Enter space separated accepting states: Enter symbols of the input alphabet separated by spaces: Enter symbols of the tape alphabet separated by spaces: Enter the number of transitions in the Turing machine: Enter one transition per line with the initial state, symbol being read on the tape, destination state, symbol written to the tape, and tape head direction (L or R) separated by spaces: 
Config: A1110+111101
Config: 1A110+111101
Config: 11A10+111101
Config: 111A0+111101
Config: 1110A+111101
Config: 1110+B111101
Config: 1110+1B11101
Config: 1110+11B1101
Config: 1110+111B101
Config: 1110+1111B01
Config: 1110+11110B1
Config: 1110+111101Bb
Config: 1110+11110C1
Config: 1110+1111D00
Config: 1110+111D100
Config: 1110+11D1100
Config: 1110+1D11100
Config: 1110+D111100
Config: 1110D+111100
Config: 111E0+111100
Config: 1111A+111100
Config: 1111+B111100
Config: 1111+1B11100
Config: 1111+11B1100
Config: 1111+111B100
Config: 1111+1111B00
Config: 1111+11110B0
Config: 1111+111100Bb
Config: 1111+11110C0
Config: 1111+1111C01
Config: 1111+111C111
Config: 1111+11D1011
Config: 1111+1D11011
Config: 1111+D111011
Config: 1111D+111011
Config: 111E1+111011
Config: 11E10+111011
Config: 1E100+111011
Config: E1000+111011
Config: Eb0000+111011
Config: 1A0000+111011
Config: 10A000+111011
Config: 100A00+111011
Config: 1000A0+111011
Config: 10000A+111011
Config: 10000+B111011
Config: 10000+1B11011
Config: 10000+11B1011
Config: 10000+111B011
Config: 10000+1110B11
Config: 10000+11101B1
Config: 10000+111011Bb
Config: 10000+11101C1
Config: 10000+1110D10
Config: 10000+111D010
Config: 10000+11D1010
Config: 10000+1D11010
Config: 10000+D111010
Config: 10000D+111010
Config: 1000E0+111010
Config: 10001A+111010
Config: 10001+B111010
Config: 10001+1B11010
Config: 10001+11B1010
Config: 10001+111B010
Config: 10001+1110B10
Config: 10001+11101B0
Config: 10001+111010Bb
Config: 10001+11101C0
Config: 10001+1110C11
Config: 10001+111D001
Config: 10001+11D1001
Config: 10001+1D11001
Config: 10001+D111001
Config: 10001D+111001
Config: 1000E1+111001
Config: 100E00+111001
Config: 1001A0+111001
Config: 10010A+111001
Config: 10010+B111001
Config: 10010+1B11001
Config: 10010+11B1001
Config: 10010+111B001
Config: 10010+1110B01
Config: 10010+11100B1
Config: 10010+111001Bb
Config: 10010+11100C1
Config: 10010+1110D00
Config: 10010+111D000
Config: 10010+11D1000
Config: 10010+1D11000
Config: 10010+D111000
Config: 10010D+111000
Config: 1001E0+111000
Config: 10011A+111000
Config: 10011+B111000
Config: 10011+1B11000
Config: 10011+11B1000
Config: 10011+111B000
Config: 10011+1110B00
Config: 10011+11100B0
Config: 10011+111000Bb
Config: 10011+11100C0
Config: 10011+1110C01
Config: 10011+111C011
Config: 10011+11C1111
Config: 10011+1D10111
Config: 10011+D110111
Config: 10011D+110111
Config: 1001E1+110111
Config: 100E10+110111
Config: 10E000+110111
Config: 101A00+110111
Config: 1010A0+110111
Config: 10100A+110111
Config: 10100+B110111
Config: 10100+1B10111
Config: 10100+11B0111
Config: 10100+110B111
Config: 10100+1101B11
Config: 10100+11011B1
Config: 10100+110111Bb
Config: 10100+11011C1
Config: 10100+1101D10
Config: 10100+110D110
Config: 10100+11D0110
Config: 10100+1D10110
Config: 10100+D110110
Config: 10100D+110110
Config: 1010E0+110110
Config: 10101A+110110
Config: 10101+B110110
Config: 10101+1B10110
Config: 10101+11B0110
Config: 10101+110B110
Config: 10101+1101B10
Config: 10101+11011B0
Config: 10101+110110Bb
Config: 10101+11011C0
Config: 10101+1101C11
Config: 10101+110D101
Config: 10101+11D0101
Config: 10101+1D10101
Config: 10101+D110101
Config: 10101D+110101
Config: 1010E1+110101
Config: 101E00+110101
Config: 1011A0+110101
Config: 10110A+110101
Config: 10110+B110101
Config: 10110+1B10101
Config: 10110+11B0101
Config: 10110+110B101
Config: 10110+1101B01
Config: 10110+11010B1
Config: 10110+110101Bb
Config: 10110+11010C1
Config: 10110+1101D00
Config: 10110+110D100
Config: 10110+11D0100
Config: 10110+1D10100
Config: 10110+D110100
Config: 10110D+110100
Config: 1011E0+110100
Config: 10111A+110100
Config: 10111+B110100
Config: 10111+1B10100
Config: 10111+11B0100
Config: 10111+110B100
Config: 10111+1101B00
Config: 10111+11010B0
Config: 10111+110100Bb
Config: 10111+11010C0
Config: 10111+1101C01
Config: 10111+110C111
Config: 10111+11D0011
Config: 10111+1D10011
Config: 10111+D110011
Config: 10111D+110011
Config: 1011E1+110011
Config: 101E10+110011
Config: 10E100+110011
Config: 1E0000+110011
Config: 11A000+110011
Config: 110A00+110011
Config: 1100A0+110011
Config: 11000A+110011
Config: 11000+B110011
Config: 11000+1B10011
Config: 11000+11B0011
Config: 11000+110B011
Config: 11000+1100B11
Config: 11000+11001B1
Config: 11000+110011Bb
Config: 11000+11001C1
Config: 11000+1100D10
Config: 11000+110D010
Config: 11000+11D0010
Config: 11000+1D10010
Config: 11000+D110010
Config: 11000D+110010
Config: 1100E0+110010
Config: 11001A+110010
Config: 11001+B110010
Config: 11001+1B10010
Config: 11001+11B0010
Config: 11001+110B010
Config: 11001+1100B10
Config: 11001+11001B0
Config: 11001+110010Bb
Config: 11001+11001C0
Config: 11001+1100C11
Config: 11001+110D001
Config: 11001+11D0001
Config: 11001+1D10001
Config: 11001+D110001
Config: 11001D+110001
Config: 1100E1+110001
Config: 110E00+110001
Config: 1101A0+110001
Config: 11010A+110001
Config: 11010+B110001
Config: 11010+1B10001
Config: 11010+11B0001
Config: 11010+110B001
Config: 11010+1100B01
Config: 11010+11000B1
Config: 11010+110001Bb
Config: 11010+11000C1
Config: 11010+1100D00
Config: 11010+110D000
Config: 11010+11D0000
Config: 11010+1D10000
Config: 11010+D110000
Config: 11010D+110000
Config: 1101E0+110000
Config: 11011A+110000
Config: 11011+B110000
Config: 11011+1B10000
Config: 11011+11B0000
Config: 11011+110B000
Config: 11011+1100B00
Config: 11011+11000B0
Config: 11011+110000Bb
Config: 11011+11000C0
Config: 11011+1100C01
Config: 11011+110C011
Config: 11011+11C0111
Config: 11011+1C11111
Config: 11011+D101111
Config: 11011D+101111
Config: 1101E1+101111
Config: 110E10+101111
Config: 11E000+101111
Config: 111A00+101111
Config: 1110A0+101111
Config: 11100A+101111
Config: 11100+B101111
Config: 11100+1B01111
Config: 11100+10B1111
Config: 11100+101B111
Config: 11100+1011B11
Config: 11100+10111B1
Config: 11100+101111Bb
Config: 11100+10111C1
Config: 11100+1011D10
Config: 11100+101D110
Config: 11100+10D1110
Config: 11100+1D01110
Config: 11100+D101110
Config: 11100D+101110
Config: 1110E0+101110
Config: 11101A+101110
Config: 11101+B101110
Config: 11101+1B01110
Config: 11101+10B1110
Config: 11101+101B110
Config: 11101+1011B10
Config: 11101+10111B0
Config: 11101+101110Bb
Config: 11101+10111C0
Config: 11101+1011C11
Config: 11101+101D101
Config: 11101+10D1101
Config: 11101+1D01101
Config: 11101+D101101
Config: 11101D+101101
Config: 1110E1+101101
Config: 111E00+101101
Config: 1111A0+101101
Config: 11110A+101101
Config: 11110+B101101
Config: 11110+1B01101
Config: 11110+10B1101
Config: 11110+101B101
Config: 11110+1011B01
Config: 11110+10110B1
Config: 11110+101101Bb
Config: 11110+10110C1
Config: 11110+1011D00
Config: 11110+101D100
Config: 11110+10D1100
Config: 11110+1D01100
Config: 11110+D101100
Config: 11110D+101100
Config: 1111E0+101100
Config: 11111A+101100
Config: 11111+B101100
Config: 11111+1B01100
Config: 11111+10B1100
Config: 11111+101B100
Config: 11111+1011B00
Config: 11111+10110B0
Config: 11111+101100Bb
Config: 11111+10110C0
Config: 11111+1011C01
Config: 11111+101C111
Config: 11111+10D1011
Config: 11111+1D01011
Config: 11111+D101011
Config: 11111D+101011
Config: 1111E1+101011
Config: 111E10+101011
Config: 11E100+101011
Config: 1E1000+101011
Config: E10000+101011
Config: Eb00000+101011
Config: 1A00000+101011
Config: 10A0000+101011
Config: 100A000+101011
Config: 1000A00+101011
Config: 10000A0+101011
Config: 100000A+101011
Config: 100000+B101011
Config: 100000+1B01011
Config: 100000+10B1011
Config: 100000+101B011
Config: 100000+1010B11
Config: 100000+10101B1
Config: 100000+101011Bb
Config: 100000+10101C1
Config: 100000+1010D10
Config: 100000+101D010
Config: 100000+10D1010
Config: 100000+1D01010
Config: 100000+D101010
Config: 100000D+101010
Config: 10000E0+101010
Config: 100001A+101010
Config: 100001+B101010
Config: 100001+1B01010
Config: 100001+10B1010
Config: 100001+101B010
Config: 100001+1010B10
Config: 100001+10101B0
Config: 100001+101010Bb
Config: 100001+10101C0
Config: 100001+1010C11
Config: 100001+101D001
Config: 100001+10D1001
Config: 100001+1D01001
Config: 100001+D101001
Config: 100001D+101001
Config: 10000E1+101001
Config: 1000E00+101001
Config: 10001A0+101001
Config: 100010A+101001
Config: 100010+B101001
Config: 100010+1B01001
Config: 100010+10B1001
Config: 100010+101B001
Config: 100010+1010B01
Config: 100010+10100B1
Config: 100010+101001Bb
Config: 100010+10100C1
Config: 100010+1010D00
Config: 100010+101D000
Config: 100010+10D1000
Config: 100010+1D01000
Config: 100010+D101000
Config: 100010D+101000
Config: 10001E0+101000
Config: 100011A+101000
Config: 100011+B101000
Config: 100011+1B01000
Config: 100011+10B1000
Config: 100011+101B000
Config: 100011+1010B00
Config: 100011+10100B0
Config: 100011+101000Bb
Config: 100011+10100C0
Config: 100011+1010C01
Config: 100011+101C011
Config: 100011+10C1111
Config: 100011+1D00111
Config: 100011+D100111
Config: 100011D+100111
Config: 10001E1+100111
Config: 1000E10+100111
Config: 100E000+100111
Config: 1001A00+100111
Config: 10010A0+100111
Config: 100100A+100111
Config: 100100+B100111
Config: 100100+1B00111
Config: 100100+10B0111
Config: 100100+100B111
Config: 100100+1001B11
Config: 100100+10011B1
Config: 100100+100111Bb
Config: 100100+10011C1
Config: 100100+1001D10
Config: 100100+100D110
Config: 100100+10D0110
Config: 100100+1D00110
Config: 100100+D100110
Config: 100100D+100110
Config: 10010E0+100110
Config: 100101A+100110
Config: 100101+B100110
Config: 100101+1B00110
Config: 100101+10B0110
Config: 100101+100B110
Config: 100101+1001B10
Config: 100101+10011B0
Config: 100101+100110Bb
Config: 100101+10011C0
Config: 100101+1001C11
Config: 100101+100D101
Config: 100101+10D0101
Config: 100101+1D00101
Config: 100101+D100101
Config: 100101D+100101
Config: 10010E1+100101
Config: 1001E00+100101
Config: 10011A0+100101
Config: 100110A+100101
Config: 100110+B100101
Config: 100110+1B00101
Config: 100110+10B0101
Config: 100110+100B101
Config: 100110+1001B01
Config: 100110+10010B1
Config: 100110+100101Bb
Config: 100110+10010C1
Config: 100110+1001D00
Config: 100110+100D100
Config: 100110+10D0100
Config: 100110+1D00100
Config: 100110+D100100
Config: 100110D+100100
Config: 10011E0+100100
Config: 100111A+100100
Config: 100111+B100100
Config: 100111+1B00100
Config: 100111+10B0100
Config: 100111+100B100
Config: 100111+1001B00
Config: 100111+10010B0
Config: 100111+100100Bb
Config: 100111+10010C0
Config: 100111+1001C01
Config: 100111+100C111
Config: 100111+10D0011
Config: 100111+1D00011
Config: 100111+D100011
Config: 100111D+100011
Config: 10011E1+100011
Config: 1001E10+100011
Config: 100E100+100011
Config: 10E0000+100011
Config: 101A000+100011
Config: 1010A00+100011
Config: 10100A0+100011
Config: 101000A+100011
Config: 101000+B100011
Config: 101000+1B00011
Config: 101000+10B0011
Config: 101000+100B011
Config: 101000+1000B11
Config: 101000+10001B1
Config: 101000+100011Bb
Config: 101000+10001C1
Config: 101000+1000D10
Config: 101000+100D010
Config: 101000+10D0010
Config: 101000+1D00010
Config: 101000+D100010
Config: 101000D+100010
Config: 10100E0+100010
Config: 101001A+100010
Config: 101001+B100010
Config: 101001+1B00010
Config: 101001+10B0010
Config: 101001+100B010
Config: 101001+1000B10
Config: 101001+10001B0
Config: 101001+100010Bb
Config: 101001+10001C0
Config: 101001+1000C11
Config: 101001+100D001
Config: 101001+10D0001
Config: 101001+1D00001
Config: 101001+D100001
Config: 101001D+100001
Config: 10100E1+100001
Config: 1010E00+100001
Config: 10101A0+100001
Config: 101010A+100001
Config: 101010+B100001
Config: 101010+1B00001
Config: 101010+10B0001
Config: 101010+100B001
Config: 101010+1000B01
Config: 101010+10000B1
Config: 101010+100001Bb
Config: 101010+10000C1
Config: 101010+1000D00
Config: 101010+100D000
Config: 101010+10D0000
Config: 101010+1D00000
Config: 101010+D100000
Config: 101010D+100000
Config: 10101E0+100000
Config: 101011A+100000
Config: 101011+B100000
Config: 101011+1B00000
Config: 101011+10B0000
Config: 101011+100B000
Config: 101011+1000B00
Config: 101011+10000B0
Config: 101011+100000Bb
Config: 101011+10000C0
Config: 101011+1000C01
Config: 101011+100C011
Config: 101011+10C0111
Config: 101011+1C01111
Config: 101011+C111111
Config: 101011D+011111
Config: 10101E1+011111
Config: 1010E10+011111
Config: 101E000+011111
Config: 1011A00+011111
Config: 10110A0+011111
Config: 101100A+011111
Config: 101100+B011111
Config: 101100+0B11111
Config: 101100+01B1111
Config: 101100+011B111
Config: 101100+0111B11
Config: 101100+01111B1
Config: 101100+011111Bb
Config: 101100+01111C1
Config: 101100+0111D10
Config: 101100+011D110
Config: 101100+01D1110
Config: 101100+0D11110
Config: 101100+D011110
Config: 101100D+011110
Config: 10110E0+011110
Config: 101101A+011110
Config: 101101+B011110
Config: 101101+0B11110
Config: 101101+01B1110
Config: 101101+011B110
Config: 101101+0111B10
Config: 101101+01111B0
Config: 101101+011110Bb
Config: 101101+01111C0
Config: 101101+0111C11
Config: 101101+011D101
Config: 101101+01D1101
Config: 101101+0D11101
Config: 101101+D011101
Config: 101101D+011101
Config: 10110E1+011101
Config: 1011E00+011101
Config: 10111A0+011101
Config: 101110A+011101
Config: 101110+B011101
Config: 101110+0B11101
Config: 101110+01B1101
Config: 101110+011B101
Config: 101110+0111B01
Config: 101110+01110B1
Config: 101110+011101Bb
Config: 101110+01110C1
Config: 101110+0111D00
Config: 101110+011D100
Config: 101110+01D1100
Config: 101110+0D11100
Config: 101110+D011100
Config: 101110D+011100
Config: 10111E0+011100
Config: 101111A+011100
Config: 101111+B011100
Config: 101111+0B11100
Config: 101111+01B1100
Config: 101111+011B100
Config: 101111+0111B00
Config: 101111+01110B0
Config: 101111+011100Bb
Config: 101111+01110C0
Config: 101111+0111C01
Config: 101111+011C111
Config: 101111+01D1011
Config: 101111+0D11011
Config: 101111+D011011
Config: 101111D+011011
Config: 10111E1+011011
Config: 1011E10+011011
Config: 101E100+011011
Config: 10E1000+011011
Config: 1E00000+011011
Config: 11A0000+011011
Config: 110A000+011011
Config: 1100A00+011011
Config: 11000A0+011011
Config: 110000A+011011
Config: 110000+B011011
Config: 110000+0B11011
Config: 110000+01B1011
Config: 110000+011B011
Config: 110000+0110B11
Config: 110000+01101B1
Config: 110000+011011Bb
Config: 110000+01101C1
Config: 110000+0110D10
Config: 110000+011D010
Config: 110000+01D1010
Config: 110000+0D11010
Config: 110000+D011010
Config: 110000D+011010
Config: 11000E0+011010
Config: 110001A+011010
Config: 110001+B011010
Config: 110001+0B11010
Config: 110001+01B1010
Config: 110001+011B010
Config: 110001+0110B10
Config: 110001+01101B0
Config: 110001+011010Bb
Config: 110001+01101C0
Config: 110001+0110C11
Config: 110001+011D001
Config: 110001+01D1001
Config: 110001+0D11001
Config: 110001+D011001
Config: 110001D+011001
Config: 11000E1+011001
Config: 1100E00+011001
Config: 11001A0+011001
Config: 110010A+011001
Config: 110010+B011001
Config: 110010+0B11001
Config: 110010+01B1001
Config: 110010+011B001
Config: 110010+0110B01
Config: 110010+01100B1
Config: 110010+011001Bb
Config: 110010+01100C1
Config: 110010+0110D00
Config: 110010+011D000
Config: 110010+01D1000
Config: 110010+0D11000
Config: 110010+D011000
Config: 110010D+011000
Config: 11001E0+011000
Config: 110011A+011000
Config: 110011+B011000
Config: 110011+0B11000
Config: 110011+01B1000
Config: 110011+011B000
Config: 110011+0110B00
Config: 110011+01100B0
Config: 110011+011000Bb
Config: 110011+01100C0
Config: 110011+0110C01
Config: 110011+011C011
Config: 110011+01C1111
Config: 110011+0D10111
Config: 110011+D010111
Config: 110011D+010111
Config: 11001E1+010111
Config: 1100E10+010111
Config: 110E000+010111
Config: 1101A00+010111
Config: 11010A0+010111
Config: 110100A+010111
Config: 110100+B010111
Config: 110100+0B10111
Config: 110100+01B0111
Config: 110100+010B111
Config: 110100+0101B11
Config: 110100+01011B1
Config: 110100+010111Bb
Config: 110100+01011C1
Config: 110100+0101D10
Config: 110100+010D110
Config: 110100+01D0110
Config: 110100+0D10110
Config: 110100+D010110
Config: 110100D+010110
Config: 11010E0+010110
Config: 110101A+010110
Config: 110101+B010110
Config: 110101+0B10110
Config: 110101+01B0110
Config: 110101+010B110
Config: 110101+0101B10
Config: 110101+01011B0
Config: 110101+010110Bb
Config: 110101+01011C0
Config: 110101+0101C11
Config: 110101+010D101
Config: 110101+01D0101
Config: 110101+0D10101
Config: 110101+D010101
Config: 110101D+010101
Config: 11010E1+010101
Config: 1101E00+010101
Config: 11011A0+010101
Config: 110110A+010101
Config: 110110+B010101
Config: 110110+0B10101
Config: 110110+01B0101
Config: 110110+010B101
Config: 110110+0101B01
Config: 110110+01010B1
Config: 110110+010101Bb
Config: 110110+01010C1
Config: 110110+0101D00
Config: 110110+010D100
Config: 110110+01D0100
Config: 110110+0D10100
Config: 110110+D010100
Config: 110110D+010100
Config: 11011E0+010100
Config: 110111A+010100
Config: 110111+B010100
Config: 110111+0B10100
Config: 110111+01B0100
Config: 110111+010B100
Config: 110111+0101B00
Config: 110111+01010B0
Config: 110111+010100Bb
Config: 110111+01010C0
Config: 110111+0101C01
Config: 110111+010C111
Config: 110111+01D0011
Config: 110111+0D10011
Config: 110111+D010011
Config: 110111D+010011
Config: 11011E1+010011
Config: 1101E10+010011
Config: 110E100+010011
Config: 11E0000+010011
Config: 111A000+010011
Config: 1110A00+010011
Config: 11100A0+010011
Config: 111000A+010011
Config: 111000+B010011
Config: 111000+0B10011
Config: 111000+01B0011
Config: 111000+010B011
Config: 111000+0100B11
Config: 111000+01001B1
Config: 111000+010011Bb
Config: 111000+01001C1
Config: 111000+0100D10
Config: 111000+010D010
Config: 111000+01D0010
Config: 111000+0D10010
Config: 111000+D010010
Config: 111000D+010010
Config: 11100E0+010010
Config: 111001A+010010
Config: 111001+B010010
Config: 111001+0B10010
Config: 111001+01B0010
Config: 111001+010B010
Config: 111001+0100B10
Config: 111001+01001B0
Config: 111001+010010Bb
Config: 111001+01001C0
Config: 111001+0100C11
Config: 111001+010D001
Config: 111001+01D0001
Config: 111001+0D10001
Config: 111001+D010001
Config: 111001D+010001
Config: 11100E1+010001
Config: 1110E00+010001
Config: 11101A0+010001
Config: 111010A+010001
Config: 111010+B010001
Config: 111010+0B10001
Config: 111010+01B0001
Config: 111010+010B001
Config: 111010+0100B01
Config: 111010+01000B1
Config: 111010+010001Bb
Config: 111010+01000C1
Config: 111010+0100D00
Config: 111010+010D000
Config: 111010+01D0000
Config: 111010+0D10000
Config: 111010+D010000
Config: 111010D+010000
Config: 11101E0+010000
Config: 111011A+010000
Config: 111011+B010000
Config: 111011+0B10000
Config: 111011+01B0000
Config: 111011+010B000
Config: 111011+0100B00
Config: 111011+01000B0
Config: 111011+010000Bb
Config: 111011+01000C0
Config: 111011+0100C01
Config: 111011+010C011
Config: 111011+01C0111
Config: 111011+0C11111
Config: 111011+D001111
Config: 111011D+001111
Config: 11101E1+001111
Config: 1110E10+001111
Config: 111E000+001111
Config: 1111A00+001111
Config: 11110A0+001111
Config: 111100A+001111
Config: 111100+B001111
Config: 111100+0B01111
Config: 111100+00B1111
Config: 111100+001B111
Config: 111100+0011B11
Config: 111100+00111B1
Config: 111100+001111Bb
Config: 111100+00111C1
Config: 111100+0011D10
Config: 111100+001D110
Config: 111100+00D1110
Config: 111100+0D01110
Config: 111100+D001110
Config: 111100D+001110
Config: 11110E0+001110
Config: 111101A+001110
Config: 111101+B001110
Config: 111101+0B01110
Config: 111101+00B1110
Config: 111101+001B110
Config: 111101+0011B10
Config: 111101+00111B0
Config: 111101+001110Bb
Config: 111101+00111C0
Config: 111101+0011C11
Config: 111101+001D101
Config: 111101+00D1101
Config: 111101+0D01101
Config: 111101+D001101
Config: 111101D+001101
Config: 11110E1+001101
Config: 1111E00+001101
Config: 11111A0+001101
Config: 111110A+001101
Config: 111110+B001101
Config: 111110+0B01101
Config: 111110+00B1101
Config: 111110+001B101
Config: 111110+0011B01
Config: 111110+00110B1
Config: 111110+001101Bb
Config: 111110+00110C1
Config: 111110+0011D00
Config: 111110+001D100
Config: 111110+00D1100
Config: 111110+0D01100
Config: 111110+D001100
Config: 111110D+001100
Config: 11111E0+001100
Config: 111111A+001100
Config: 111111+B001100
Config: 111111+0B01100
Config: 111111+00B1100
Config: 111111+001B100
Config: 111111+0011B00
Config: 111111+00110B0
Config: 111111+001100Bb
Config: 111111+00110C0
Config: 111111+0011C01
Config: 111111+001C111
Config: 111111+00D1011
Config: 111111+0D01011
Config: 111111+D001011
Config: 111111D+001011
Config: 11111E1+001011
Config: 1111E10+001011
Config: 111E100+001011
Config: 11E1000+001011
Config: 1E10000+001011
Config: E100000+001011
Config: Eb000000+001011
Config: 1A000000+001011
Config: 10A00000+001011
Config: 100A0000+001011
Config: 1000A000+001011
Config: 10000A00+001011
Config: 100000A0+001011
Config: 1000000A+001011
Config: 1000000+B001011
Config: 1000000+0B01011
Config: 1000000+00B1011
Config: 1000000+001B011
Config: 1000000+0010B11
Config: 1000000+00101B1
Config: 1000000+001011Bb
Config: 1000000+00101C1
Config: 1000000+0010D10
Config: 1000000+001D010
Config: 1000000+00D1010
Config: 1000000+0D01010
Config: 1000000+D001010
Config: 1000000D+001010
Config: 100000E0+001010
Config: 1000001A+001010
Config: 1000001+B001010
Config: 1000001+0B01010
Config: 1000001+00B1010
Config: 1000001+001B010
Config: 1000001+0010B10
Config: 1000001+00101B0
Config: 1000001+001010Bb
Config: 1000001+00101C0
Config: 1000001+0010C11
Config: 1000001+001D001
Config: 1000001+00D1001
Config: 1000001+0D01001
Config: 1000001+D001001
Config: 1000001D+001001
Config: 100000E1+001001
Config: 10000E00+001001
Config: 100001A0+001001
Config: 1000010A+001001
Config: 1000010+B001001
Config: 1000010+0B01001
Config: 1000010+00B1001
Config: 1000010+001B001
Config: 1000010+0010B01
Config: 1000010+00100B1
Config: 1000010+001001Bb
Config: 1000010+00100C1
Config: 1000010+0010D00
Config: 1000010+001D000
Config: 1000010+00D1000
Config: 1000010+0D01000
Config: 1000010+D001000
Config: 1000010D+001000
Config: 100001E0+001000
Config: 1000011A+001000
Config: 1000011+B001000
Config: 1000011+0B01000
Config: 1000011+00B1000
Config: 1000011+001B000
Config: 1000011+0010B00
Config: 1000011+00100B0
Config: 1000011+001000Bb
Config: 1000011+00100C0
Config: 1000011+0010C01
Config: 1000011+001C011
Config: 1000011+00C1111
Config: 1000011+0D00111
Config: 1000011+D000111
Config: 1000011D+000111
Config: 100001E1+000111
Config: 10000E10+000111
Config: 1000E000+000111
Config: 10001A00+000111
Config: 100010A0+000111
Config: 1000100A+000111
Config: 1000100+B000111
Config: 1000100+0B00111
Config: 1000100+00B0111
Config: 1000100+000B111
Config: 1000100+0001B11
Config: 1000100+00011B1
Config: 1000100+000111Bb
Config: 1000100+00011C1
Config: 1000100+0001D10
Config: 1000100+000D110
Config: 1000100+00D0110
Config: 1000100+0D00110
Config: 1000100+D000110
Config: 1000100D+000110
Config: 100010E0+000110
Config: 1000101A+000110
Config: 1000101+B000110
Config: 1000101+0B00110
Config: 1000101+00B0110
Config: 1000101+000B110
Config: 1000101+0001B10
Config: 1000101+00011B0
Config: 1000101+000110Bb
Config: 1000101+00011C0
Config: 1000101+0001C11
Config: 1000101+000D101
Config: 1000101+00D0101
Config: 1000101+0D00101
Config: 1000101+D000101
Config: 1000101D+000101
Config: 100010E1+000101
Config: 10001E00+000101
Config: 100011A0+000101
Config: 1000110A+000101
Config: 1000110+B000101
Config: 1000110+0B00101
Config: 1000110+00B0101
Config: 1000110+000B101
Config: 1000110+0001B01
Config: 1000110+00010B1
Config: 1000110+000101Bb
Config: 1000110+00010C1
Config: 1000110+0001D00
Config: 1000110+000D100
Config: 1000110+00D0100
Config: 1000110+0D00100
Config: 1000110+D000100
Config: 1000110D+000100
Config: 100011E0+000100
Config: 1000111A+000100
Config: 1000111+B000100
Config: 1000111+0B00100
Config: 1000111+00B0100
Config: 1000111+000B100
Config: 1000111+0001B00
Config: 1000111+00010B0
Config: 1000111+000100Bb
Config: 1000111+00010C0
Config: 1000111+0001C01
Config: 1000111+000C111
Config: 1000111+00D0011
Config: 1000111+0D00011
Config: 1000111+D000011
Config: 1000111D+000011
Config: 100011E1+000011
Config: 10001E10+000011
Config: 1000E100+000011
Config: 100E0000+000011
Config: 1001A000+000011
Config: 10010A00+000011
Config: 100100A0+000011
Config: 1001000A+000011
Config: 1001000+B000011
Config: 1001000+0B00011
Config: 1001000+00B0011
Config: 1001000+000B011
Config: 1001000+0000B11
Config: 1001000+00001B1
Config: 1001000+000011Bb
Config: 1001000+00001C1
Config: 1001000+0000D10
Config: 1001000+000D010
Config: 1001000+00D0010
Config: 1001000+0D00010
Config: 1001000+D000010
Config: 1001000D+000010
Config: 100100E0+000010
Config: 1001001A+000010
Config: 1001001+B000010
Config: 1001001+0B00010
Config: 1001001+00B0010
Config: 1001001+000B010
Config: 1001001+0000B10
Config: 1001001+00001B0
Config: 1001001+000010Bb
Config: 1001001+00001C0
Config: 1001001+0000C11
Config: 1001001+000D001
Config: 1001001+00D0001
Config: 1001001+0D00001
Config: 1001001+D000001
Config: 1001001D+000001
Config: 100100E1+000001
Config: 10010E00+000001
Config: 100101A0+000001
Config: 1001010A+000001
Config: 1001010+B000001
Config: 1001010+0B00001
Config: 1001010+00B0001
Config: 1001010+000B001
Config: 1001010+0000B01
Config: 1001010+00000B1
Config: 1001010+000001Bb
Config: 1001010+00000C1
Config: 1001010+0000D00
Config: 1001010+000D000
Config: 1001010+00D0000
Config: 1001010+0D00000
Config: 1001010+D000000
Config: 1001010D+000000
Config: 100101E0+000000
Config: 1001011A+000000
Config: 1001011+B000000
Config: 1001011+0B00000
Config: 1001011+00B0000
Config: 1001011+000B000
Config: 1001011+0000B00
Config: 1001011+00000B0
Config: 1001011+000000Bb
Config: 1001011+00000C0
Config: 1001011+0000C01
Config: 1001011+000C011
Config: 1001011+00C0111
Config: 1001011+0C01111
Config: 1001011+C011111
Config: 1001011C+111111
Config: 1001011+F111111
Config: 1001011+bF11111
Config: 1001011+bbF1111
Config: 1001011+bbbF111
Config: 1001011+bbbbF11
Config: 1001011+bbbbbF1
Config: 1001011+bbbbbbFb
Config: 1001011+bbbbbbbGb
1110+111101 is in the language recognized by the Turing machine
