Enter a string for the Turing machine to use as input: Enter space separated state names: Enter the start state: Enter a blank symbol for the tape: Enter space separated accepting states: Enter symbols of the input alphabet separated by spaces: Enter symbols of the tape alphabet separated by spaces: Enter the number of transitions in the Turing machine: Enter one transition per line with the initial state, symbol being read on the tape, destination state, symbol written to the tape, and tape head direction (L or R) separated by spaces: 
Config: Aaaaabbbbbbaabababbbbbbababaabbbbbbaaaa
Config: XBaaabbbbbbaabababbbbbbababaabbbbbbaaaa
Config: XaCaabbbbbbaabababbbbbbababaabbbbbbaaaa
Config: XaaCabbbbbbaabababbbbbbababaabbbbbbaaaa
Config: XaaaCbbbbbbaabababbbbbbababaabbbbbbaaaa
Config: XaaabCbbbbbaabababbbbbbababaabbbbbbaaaa
Config: XaaabbCbbbbaabababbbbbbababaabbbbbbaaaa
Config: XaaabbbCbbbaabababbbbbbababaabbbbbbaaaa
Config: XaaabbbbCbbaabababbbbbbababaabbbbbbaaaa
Config: XaaabbbbbCbaabababbbbbbababaabbbbbbaaaa
Config: XaaabbbbbbCaabababbbbbbababaabbbbbbaaaa
Config: XaaabbbbbbaCabababbbbbbababaabbbbbbaaaa
Config: XaaabbbbbbaaCbababbbbbbababaabbbbbbaaaa
Config: XaaabbbbbbaabCababbbbbbababaabbbbbbaaaa
Config: XaaabbbbbbaabaCbabbbbbbababaabbbbbbaaaa
Config: XaaabbbbbbaababCabbbbbbababaabbbbbbaaaa
Config: XaaabbbbbbaababaCbbbbbbababaabbbbbbaaaa
Config: XaaabbbbbbaabababCbbbbbababaabbbbbbaaaa
Config: XaaabbbbbbaabababbCbbbbababaabbbbbbaaaa
Config: XaaabbbbbbaabababbbCbbbababaabbbbbbaaaa
Config: XaaabbbbbbaabababbbbCbbababaabbbbbbaaaa
Config: XaaabbbbbbaabababbbbbCbababaabbbbbbaaaa
Config: XaaabbbbbbaabababbbbbbCababaabbbbbbaaaa
Config: XaaabbbbbbaabababbbbbbaCbabaabbbbbbaaaa
Config: XaaabbbbbbaabababbbbbbabCabaabbbbbbaaaa
Config: XaaabbbbbbaabababbbbbbabaCbaabbbbbbaaaa
Config: XaaabbbbbbaabababbbbbbababCaabbbbbbaaaa
Config: XaaabbbbbbaabababbbbbbababaCabbbbbbaaaa
Config: XaaabbbbbbaabababbbbbbababaaCbbbbbbaaaa
Config: XaaabbbbbbaabababbbbbbababaabCbbbbbaaaa
Config: XaaabbbbbbaabababbbbbbababaabbCbbbbaaaa
Config: XaaabbbbbbaabababbbbbbababaabbbCbbbaaaa
Config: XaaabbbbbbaabababbbbbbababaabbbbCbbaaaa
Config: XaaabbbbbbaabababbbbbbababaabbbbbCbaaaa
Config: XaaabbbbbbaabababbbbbbababaabbbbbbCaaaa
Config: XaaabbbbbbaabababbbbbbababaabbbbbbaCaaa
Config: XaaabbbbbbaabababbbbbbababaabbbbbbaaCaa
Config: XaaabbbbbbaabababbbbbbababaabbbbbbaaaCa
Config: XaaabbbbbbaabababbbbbbababaabbbbbbaaaaCO
Config: XaaabbbbbbaabababbbbbbababaabbbbbbaaaDa
Config: XaaabbbbbbaabababbbbbbababaabbbbbbaaEaX
Config: XaaabbbbbbaabababbbbbbababaabbbbbbaEaaX
Config: XaaabbbbbbaabababbbbbbababaabbbbbbEaaaX
Config: XaaabbbbbbaabababbbbbbababaabbbbbEbaaaX
Config: XaaabbbbbbaabababbbbbbababaabbbbEbbaaaX
Config: XaaabbbbbbaabababbbbbbababaabbbEbbbaaaX
Config: XaaabbbbbbaabababbbbbbababaabbEbbbbaaaX
Config: XaaabbbbbbaabababbbbbbababaabEbbbbbaaaX
Config: XaaabbbbbbaabababbbbbbababaaEbbbbbbaaaX
Config: XaaabbbbbbaabababbbbbbababaEabbbbbbaaaX
Config: XaaabbbbbbaabababbbbbbababEaabbbbbbaaaX
Config: XaaabbbbbbaabababbbbbbabaEbaabbbbbbaaaX
Config: XaaabbbbbbaabababbbbbbabEabaabbbbbbaaaX
Config: XaaabbbbbbaabababbbbbbaEbabaabbbbbbaaaX
Config: XaaabbbbbbaabababbbbbbEababaabbbbbbaaaX
Config: XaaabbbbbbaabababbbbbEbababaabbbbbbaaaX
Config: XaaabbbbbbaabababbbbEbbababaabbbbbbaaaX
Config: XaaabbbbbbaabababbbEbbbababaabbbbbbaaaX
Config: XaaabbbbbbaabababbEbbbbababaabbbbbbaaaX
Config: XaaabbbbbbaabababEbbbbbababaabbbbbbaaaX
Config: XaaabbbbbbaababaEbbbbbbababaabbbbbbaaaX
Config: XaaabbbbbbaababEabbbbbbababaabbbbbbaaaX
Config: XaaabbbbbbaabaEbabbbbbbababaabbbbbbaaaX
Config: XaaabbbbbbaabEababbbbbbababaabbbbbbaaaX
Config: XaaabbbbbbaaEbababbbbbbababaabbbbbbaaaX
Config: XaaabbbbbbaEabababbbbbbababaabbbbbbaaaX
Config: XaaabbbbbbEaabababbbbbbababaabbbbbbaaaX
Config: XaaabbbbbEbaabababbbbbbababaabbbbbbaaaX
Config: XaaabbbbEbbaabababbbbbbababaabbbbbbaaaX
Config: XaaabbbEbbbaabababbbbbbababaabbbbbbaaaX
Config: XaaabbEbbbbaabababbbbbbababaabbbbbbaaaX
Config: XaaabEbbbbbaabababbbbbbababaabbbbbbaaaX
Config: XaaaEbbbbbbaabababbbbbbababaabbbbbbaaaX
Config: XaaEabbbbbbaabababbbbbbababaabbbbbbaaaX
Config: XaEaabbbbbbaabababbbbbbababaabbbbbbaaaX
Config: XEaaabbbbbbaabababbbbbbababaabbbbbbaaaX
Config: EXaaabbbbbbaabababbbbbbababaabbbbbbaaaX
Config: XAaaabbbbbbaabababbbbbbababaabbbbbbaaaX
Config: XXBaabbbbbbaabababbbbbbababaabbbbbbaaaX
Config: XXaCabbbbbbaabababbbbbbababaabbbbbbaaaX
Config: XXaaCbbbbbbaabababbbbbbababaabbbbbbaaaX
Config: XXaabCbbbbbaabababbbbbbababaabbbbbbaaaX
Config: XXaabbCbbbbaabababbbbbbababaabbbbbbaaaX
Config: XXaabbbCbbbaabababbbbbbababaabbbbbbaaaX
Config: XXaabbbbCbbaabababbbbbbababaabbbbbbaaaX
Config: XXaabbbbbCbaabababbbbbbababaabbbbbbaaaX
Config: XXaabbbbbbCaabababbbbbbababaabbbbbbaaaX
Config: XXaabbbbbbaCabababbbbbbababaabbbbbbaaaX
Config: XXaabbbbbbaaCbababbbbbbababaabbbbbbaaaX
Config: XXaabbbbbbaabCababbbbbbababaabbbbbbaaaX
Config: XXaabbbbbbaabaCbabbbbbbababaabbbbbbaaaX
Config: XXaabbbbbbaababCabbbbbbababaabbbbbbaaaX
Config: XXaabbbbbbaababaCbbbbbbababaabbbbbbaaaX
Config: XXaabbbbbbaabababCbbbbbababaabbbbbbaaaX
Config: XXaabbbbbbaabababbCbbbbababaabbbbbbaaaX
Config: XXaabbbbbbaabababbbCbbbababaabbbbbbaaaX
Config: XXaabbbbbbaabababbbbCbbababaabbbbbbaaaX
Config: XXaabbbbbbaabababbbbbCbababaabbbbbbaaaX
Config: XXaabbbbbbaabababbbbbbCababaabbbbbbaaaX
Config: XXaabbbbbbaabababbbbbbaCbabaabbbbbbaaaX
Config: XXaabbbbbbaabababbbbbbabCabaabbbbbbaaaX
Config: XXaabbbbbbaabababbbbbbabaCbaabbbbbbaaaX
Config: XXaabbbbbbaabababbbbbbababCaabbbbbbaaaX
Config: XXaabbbbbbaabababbbbbbababaCabbbbbbaaaX
Config: XXaabbbbbbaabababbbbbbababaaCbbbbbbaaaX
Config: XXaabbbbbbaabababbbbbbababaabCbbbbbaaaX
Config: XXaabbbbbbaabababbbbbbababaabbCbbbbaaaX
Config: XXaabbbbbbaabababbbbbbababaabbbCbbbaaaX
Config: XXaabbbbbbaabababbbbbbababaabbbbCbbaaaX
Config: XXaabbbbbbaabababbbbbbababaabbbbbCbaaaX
Config: XXaabbbbbbaabababbbbbbababaabbbbbbCaaaX
Config: XXaabbbbbbaabababbbbbbababaabbbbbbaCaaX
Config: XXaabbbbbbaabababbbbbbababaabbbbbbaaCaX
Config: XXaabbbbbbaabababbbbbbababaabbbbbbaaaCX
Config: XXaabbbbbbaabababbbbbbababaabbbbbbaaDaX
Config: XXaabbbbbbaabababbbbbbababaabbbbbbaEaXX
Config: XXaabbbbbbaabababbbbbbababaabbbbbbEaaXX
Config: XXaabbbbbbaabababbbbbbababaabbbbbEbaaXX
Config: XXaabbbbbbaabababbbbbbababaabbbbEbbaaXX
Config: XXaabbbbbbaabababbbbbbababaabbbEbbbaaXX
Config: XXaabbbbbbaabababbbbbbababaabbEbbbbaaXX
Config: XXaabbbbbbaabababbbbbbababaabEbbbbbaaXX
Config: XXaabbbbbbaabababbbbbbababaaEbbbbbbaaXX
Config: XXaabbbbbbaabababbbbbbababaEabbbbbbaaXX
Config: XXaabbbbbbaabababbbbbbababEaabbbbbbaaXX
Config: XXaabbbbbbaabababbbbbbabaEbaabbbbbbaaXX
Config: XXaabbbbbbaabababbbbbbabEabaabbbbbbaaXX
Config: XXaabbbbbbaabababbbbbbaEbabaabbbbbbaaXX
Config: XXaabbbbbbaabababbbbbbEababaabbbbbbaaXX
Config: XXaabbbbbbaabababbbbbEbababaabbbbbbaaXX
Config: XXaabbbbbbaabababbbbEbbababaabbbbbbaaXX
Config: XXaabbbbbbaabababbbEbbbababaabbbbbbaaXX
Config: XXaabbbbbbaabababbEbbbbababaabbbbbbaaXX
Config: XXaabbbbbbaabababEbbbbbababaabbbbbbaaXX
Config: XXaabbbbbbaababaEbbbbbbababaabbbbbbaaXX
Config: XXaabbbbbbaababEabbbbbbababaabbbbbbaaXX
Config: XXaabbbbbbaabaEbabbbbbbababaabbbbbbaaXX
Config: XXaabbbbbbaabEababbbbbbababaabbbbbbaaXX
Config: XXaabbbbbbaaEbababbbbbbababaabbbbbbaaXX
Config: XXaabbbbbbaEabababbbbbbababaabbbbbbaaXX
Config: XXaabbbbbbEaabababbbbbbababaabbbbbbaaXX
Config: XXaabbbbbEbaabababbbbbbababaabbbbbbaaXX
Config: XXaabbbbEbbaabababbbbbbababaabbbbbbaaXX
Config: XXaabbbEbbbaabababbbbbbababaabbbbbbaaXX
Config: XXaabbEbbbbaabababbbbbbababaabbbbbbaaXX
Config: XXaabEbbbbbaabababbbbbbababaabbbbbbaaXX
Config: XXaaEbbbbbbaabababbbbbbababaabbbbbbaaXX
Config: XXaEabbbbbbaabababbbbbbababaabbbbbbaaXX
Config: XXEaabbbbbbaabababbbbbbababaabbbbbbaaXX
Config: XEXaabbbbbbaabababbbbbbababaabbbbbbaaXX
Config: XXAaabbbbbbaabababbbbbbababaabbbbbbaaXX
Config: XXXBabbbbbbaabababbbbbbababaabbbbbbaaXX
Config: XXXaCbbbbbbaabababbbbbbababaabbbbbbaaXX
Config: XXXabCbbbbbaabababbbbbbababaabbbbbbaaXX
Config: XXXabbCbbbbaabababbbbbbababaabbbbbbaaXX
Config: XXXabbbCbbbaabababbbbbbababaabbbbbbaaXX
Config: XXXabbbbCbbaabababbbbbbababaabbbbbbaaXX
Config: XXXabbbbbCbaabababbbbbbababaabbbbbbaaXX
Config: XXXabbbbbbCaabababbbbbbababaabbbbbbaaXX
Config: XXXabbbbbbaCabababbbbbbababaabbbbbbaaXX
Config: XXXabbbbbbaaCbababbbbbbababaabbbbbbaaXX
Config: XXXabbbbbbaabCababbbbbbababaabbbbbbaaXX
Config: XXXabbbbbbaabaCbabbbbbbababaabbbbbbaaXX
Config: XXXabbbbbbaababCabbbbbbababaabbbbbbaaXX
Config: XXXabbbbbbaababaCbbbbbbababaabbbbbbaaXX
Config: XXXabbbbbbaabababCbbbbbababaabbbbbbaaXX
Config: XXXabbbbbbaabababbCbbbbababaabbbbbbaaXX
Config: XXXabbbbbbaabababbbCbbbababaabbbbbbaaXX
Config: XXXabbbbbbaabababbbbCbbababaabbbbbbaaXX
Config: XXXabbbbbbaabababbbbbCbababaabbbbbbaaXX
Config: XXXabbbbbbaabababbbbbbCababaabbbbbbaaXX
Config: XXXabbbbbbaabababbbbbbaCbabaabbbbbbaaXX
Config: XXXabbbbbbaabababbbbbbabCabaabbbbbbaaXX
Config: XXXabbbbbbaabababbbbbbabaCbaabbbbbbaaXX
Config: XXXabbbbbbaabababbbbbbababCaabbbbbbaaXX
Config: XXXabbbbbbaabababbbbbbababaCabbbbbbaaXX
Config: XXXabbbbbbaabababbbbbbababaaCbbbbbbaaXX
Config: XXXabbbbbbaabababbbbbbababaabCbbbbbaaXX
Config: XXXabbbbbbaabababbbbbbababaabbCbbbbaaXX
Config: XXXabbbbbbaabababbbbbbababaabbbCbbbaaXX
Config: XXXabbbbbbaabababbbbbbababaabbbbCbbaaXX
Config: XXXabbbbbbaabababbbbbbababaabbbbbCbaaXX
Config: XXXabbbbbbaabababbbbbbababaabbbbbbCaaXX
Config: XXXabbbbbbaabababbbbbbababaabbbbbbaCaXX
Config: XXXabbbbbbaabababbbbbbababaabbbbbbaaCXX
Config: XXXabbbbbbaabababbbbbbababaabbbbbbaDaXX
Config: XXXabbbbbbaabababbbbbbababaabbbbbbEaXXX
Config: XXXabbbbbbaabababbbbbbababaabbbbbEbaXXX
Config: XXXabbbbbbaabababbbbbbababaabbbbEbbaXXX
Config: XXXabbbbbbaabababbbbbbababaabbbEbbbaXXX
Config: XXXabbbbbbaabababbbbbbababaabbEbbbbaXXX
Config: XXXabbbbbbaabababbbbbbababaabEbbbbbaXXX
Config: XXXabbbbbbaabababbbbbbababaaEbbbbbbaXXX
Config: XXXabbbbbbaabababbbbbbababaEabbbbbbaXXX
Config: XXXabbbbbbaabababbbbbbababEaabbbbbbaXXX
Config: XXXabbbbbbaabababbbbbbabaEbaabbbbbbaXXX
Config: XXXabbbbbbaabababbbbbbabEabaabbbbbbaXXX
Config: XXXabbbbbbaabababbbbbbaEbabaabbbbbbaXXX
Config: XXXabbbbbbaabababbbbbbEababaabbbbbbaXXX
Config: XXXabbbbbbaabababbbbbEbababaabbbbbbaXXX
Config: XXXabbbbbbaabababbbbEbbababaabbbbbbaXXX
Config: XXXabbbbbbaabababbbEbbbababaabbbbbbaXXX
Config: XXXabbbbbbaabababbEbbbbababaabbbbbbaXXX
Config: XXXabbbbbbaabababEbbbbbababaabbbbbbaXXX
Config: XXXabbbbbbaababaEbbbbbbababaabbbbbbaXXX
Config: XXXabbbbbbaababEabbbbbbababaabbbbbbaXXX
Config: XXXabbbbbbaabaEbabbbbbbababaabbbbbbaXXX
Config: XXXabbbbbbaabEababbbbbbababaabbbbbbaXXX
Config: XXXabbbbbbaaEbababbbbbbababaabbbbbbaXXX
Config: XXXabbbbbbaEabababbbbbbababaabbbbbbaXXX
Config: XXXabbbbbbEaabababbbbbbababaabbbbbbaXXX
Config: XXXabbbbbEbaabababbbbbbababaabbbbbbaXXX
Config: XXXabbbbEbbaabababbbbbbababaabbbbbbaXXX
Config: XXXabbbEbbbaabababbbbbbababaabbbbbbaXXX
Config: XXXabbEbbbbaabababbbbbbababaabbbbbbaXXX
Config: XXXabEbbbbbaabababbbbbbababaabbbbbbaXXX
Config: XXXaEbbbbbbaabababbbbbbababaabbbbbbaXXX
Config: XXXEabbbbbbaabababbbbbbababaabbbbbbaXXX
Config: XXEXabbbbbbaabababbbbbbababaabbbbbbaXXX
Config: XXXAabbbbbbaabababbbbbbababaabbbbbbaXXX
Config: XXXXBbbbbbbaabababbbbbbababaabbbbbbaXXX
Config: XXXXbCbbbbbaabababbbbbbababaabbbbbbaXXX
Config: XXXXbbCbbbbaabababbbbbbababaabbbbbbaXXX
Config: XXXXbbbCbbbaabababbbbbbababaabbbbbbaXXX
Config: XXXXbbbbCbbaabababbbbbbababaabbbbbbaXXX
Config: XXXXbbbbbCbaabababbbbbbababaabbbbbbaXXX
Config: XXXXbbbbbbCaabababbbbbbababaabbbbbbaXXX
Config: XXXXbbbbbbaCabababbbbbbababaabbbbbbaXXX
Config: XXXXbbbbbbaaCbababbbbbbababaabbbbbbaXXX
Config: XXXXbbbbbbaabCababbbbbbababaabbbbbbaXXX
Config: XXXXbbbbbbaabaCbabbbbbbababaabbbbbbaXXX
Config: XXXXbbbbbbaababCabbbbbbababaabbbbbbaXXX
Config: XXXXbbbbbbaababaCbbbbbbababaabbbbbbaXXX
Config: XXXXbbbbbbaabababCbbbbbababaabbbbbbaXXX
Config: XXXXbbbbbbaabababbCbbbbababaabbbbbbaXXX
Config: XXXXbbbbbbaabababbbCbbbababaabbbbbbaXXX
Config: XXXXbbbbbbaabababbbbCbbababaabbbbbbaXXX
Config: XXXXbbbbbbaabababbbbbCbababaabbbbbbaXXX
Config: XXXXbbbbbbaabababbbbbbCababaabbbbbbaXXX
Config: XXXXbbbbbbaabababbbbbbaCbabaabbbbbbaXXX
Config: XXXXbbbbbbaabababbbbbbabCabaabbbbbbaXXX
Config: XXXXbbbbbbaabababbbbbbabaCbaabbbbbbaXXX
Config: XXXXbbbbbbaabababbbbbbababCaabbbbbbaXXX
Config: XXXXbbbbbbaabababbbbbbababaCabbbbbbaXXX
Config: XXXXbbbbbbaabababbbbbbababaaCbbbbbbaXXX
Config: XXXXbbbbbbaabababbbbbbababaabCbbbbbaXXX
Config: XXXXbbbbbbaabababbbbbbababaabbCbbbbaXXX
Config: XXXXbbbbbbaabababbbbbbababaabbbCbbbaXXX
Config: XXXXbbbbbbaabababbbbbbababaabbbbCbbaXXX
Config: XXXXbbbbbbaabababbbbbbababaabbbbbCbaXXX
Config: XXXXbbbbbbaabababbbbbbababaabbbbbbCaXXX
Config: XXXXbbbbbbaabababbbbbbababaabbbbbbaCXXX
Config: XXXXbbbbbbaabababbbbbbababaabbbbbbDaXXX
Config: XXXXbbbbbbaabababbbbbbababaabbbbbEbXXXX
Config: XXXXbbbbbbaabababbbbbbababaabbbbEbbXXXX
Config: XXXXbbbbbbaabababbbbbbababaabbbEbbbXXXX
Config: XXXXbbbbbbaabababbbbbbababaabbEbbbbXXXX
Config: XXXXbbbbbbaabababbbbbbababaabEbbbbbXXXX
Config: XXXXbbbbbbaabababbbbbbababaaEbbbbbbXXXX
Config: XXXXbbbbbbaabababbbbbbababaEabbbbbbXXXX
Config: XXXXbbbbbbaabababbbbbbababEaabbbbbbXXXX
Config: XXXXbbbbbbaabababbbbbbabaEbaabbbbbbXXXX
Config: XXXXbbbbbbaabababbbbbbabEabaabbbbbbXXXX
Config: XXXXbbbbbbaabababbbbbbaEbabaabbbbbbXXXX
Config: XXXXbbbbbbaabababbbbbbEababaabbbbbbXXXX
Config: XXXXbbbbbbaabababbbbbEbababaabbbbbbXXXX
Config: XXXXbbbbbbaabababbbbEbbababaabbbbbbXXXX
Config: XXXXbbbbbbaabababbbEbbbababaabbbbbbXXXX
Config: XXXXbbbbbbaabababbEbbbbababaabbbbbbXXXX
Config: XXXXbbbbbbaabababEbbbbbababaabbbbbbXXXX
Config: XXXXbbbbbbaababaEbbbbbbababaabbbbbbXXXX
Config: XXXXbbbbbbaababEabbbbbbababaabbbbbbXXXX
Config: XXXXbbbbbbaabaEbabbbbbbababaabbbbbbXXXX
Config: XXXXbbbbbbaabEababbbbbbababaabbbbbbXXXX
Config: XXXXbbbbbbaaEbababbbbbbababaabbbbbbXXXX
Config: XXXXbbbbbbaEabababbbbbbababaabbbbbbXXXX
Config: XXXXbbbbbbEaabababbbbbbababaabbbbbbXXXX
Config: XXXXbbbbbEbaabababbbbbbababaabbbbbbXXXX
Config: XXXXbbbbEbbaabababbbbbbababaabbbbbbXXXX
Config: XXXXbbbEbbbaabababbbbbbababaabbbbbbXXXX
Config: XXXXbbEbbbbaabababbbbbbababaabbbbbbXXXX
Config: XXXXbEbbbbbaabababbbbbbababaabbbbbbXXXX
Config: XXXXEbbbbbbaabababbbbbbababaabbbbbbXXXX
Config: XXXEXbbbbbbaabababbbbbbababaabbbbbbXXXX
Config: XXXXAbbbbbbaabababbbbbbababaabbbbbbXXXX
Config: XXXXXFbbbbbaabababbbbbbababaabbbbbbXXXX
Config: XXXXXbGbbbbaabababbbbbbababaabbbbbbXXXX
Config: XXXXXbbGbbbaabababbbbbbababaabbbbbbXXXX
Config: XXXXXbbbGbbaabababbbbbbababaabbbbbbXXXX
Config: XXXXXbbbbGbaabababbbbbbababaabbbbbbXXXX
Config: XXXXXbbbbbGaabababbbbbbababaabbbbbbXXXX
Config: XXXXXbbbbbaGabababbbbbbababaabbbbbbXXXX
Config: XXXXXbbbbbaaGbababbbbbbababaabbbbbbXXXX
Config: XXXXXbbbbbaabGababbbbbbababaabbbbbbXXXX
Config: XXXXXbbbbbaabaGbabbbbbbababaabbbbbbXXXX
Config: XXXXXbbbbbaababGabbbbbbababaabbbbbbXXXX
Config: XXXXXbbbbbaababaGbbbbbbababaabbbbbbXXXX
Config: XXXXXbbbbbaabababGbbbbbababaabbbbbbXXXX
Config: XXXXXbbbbbaabababbGbbbbababaabbbbbbXXXX
Config: XXXXXbbbbbaabababbbGbbbababaabbbbbbXXXX
Config: XXXXXbbbbbaabababbbbGbbababaabbbbbbXXXX
Config: XXXXXbbbbbaabababbbbbGbababaabbbbbbXXXX
Config: XXXXXbbbbbaabababbbbbbGababaabbbbbbXXXX
Config: XXXXXbbbbbaabababbbbbbaGbabaabbbbbbXXXX
Config: XXXXXbbbbbaabababbbbbbabGabaabbbbbbXXXX
Config: XXXXXbbbbbaabababbbbbbabaGbaabbbbbbXXXX
Config: XXXXXbbbbbaabababbbbbbababGaabbbbbbXXXX
Config: XXXXXbbbbbaabababbbbbbababaGabbbbbbXXXX
Config: XXXXXbbbbbaabababbbbbbababaaGbbbbbbXXXX
Config: XXXXXbbbbbaabababbbbbbababaabGbbbbbXXXX
Config: XXXXXbbbbbaabababbbbbbababaabbGbbbbXXXX
Config: XXXXXbbbbbaabababbbbbbababaabbbGbbbXXXX
Config: XXXXXbbbbbaabababbbbbbababaabbbbGbbXXXX
Config: XXXXXbbbbbaabababbbbbbababaabbbbbGbXXXX
Config: XXXXXbbbbbaabababbbbbbababaabbbbbbGXXXX
Config: XXXXXbbbbbaabababbbbbbababaabbbbbHbXXXX
Config: XXXXXbbbbbaabababbbbbbababaabbbbEbXXXXX
Config: XXXXXbbbbbaabababbbbbbababaabbbEbbXXXXX
Config: XXXXXbbbbbaabababbbbbbababaabbEbbbXXXXX
Config: XXXXXbbbbbaabababbbbbbababaabEbbbbXXXXX
Config: XXXXXbbbbbaabababbbbbbababaaEbbbbbXXXXX
Config: XXXXXbbbbbaabababbbbbbababaEabbbbbXXXXX
Config: XXXXXbbbbbaabababbbbbbababEaabbbbbXXXXX
Config: XXXXXbbbbbaabababbbbbbabaEbaabbbbbXXXXX
Config: XXXXXbbbbbaabababbbbbbabEabaabbbbbXXXXX
Config: XXXXXbbbbbaabababbbbbbaEbabaabbbbbXXXXX
Config: XXXXXbbbbbaabababbbbbbEababaabbbbbXXXXX
Config: XXXXXbbbbbaabababbbbbEbababaabbbbbXXXXX
Config: XXXXXbbbbbaabababbbbEbbababaabbbbbXXXXX
Config: XXXXXbbbbbaabababbbEbbbababaabbbbbXXXXX
Config: XXXXXbbbbbaabababbEbbbbababaabbbbbXXXXX
Config: XXXXXbbbbbaabababEbbbbbababaabbbbbXXXXX
Config: XXXXXbbbbbaababaEbbbbbbababaabbbbbXXXXX
Config: XXXXXbbbbbaababEabbbbbbababaabbbbbXXXXX
Config: XXXXXbbbbbaabaEbabbbbbbababaabbbbbXXXXX
Config: XXXXXbbbbbaabEababbbbbbababaabbbbbXXXXX
Config: XXXXXbbbbbaaEbababbbbbbababaabbbbbXXXXX
Config: XXXXXbbbbbaEabababbbbbbababaabbbbbXXXXX
Config: XXXXXbbbbbEaabababbbbbbababaabbbbbXXXXX
Config: XXXXXbbbbEbaabababbbbbbababaabbbbbXXXXX
Config: XXXXXbbbEbbaabababbbbbbababaabbbbbXXXXX
Config: XXXXXbbEbbbaabababbbbbbababaabbbbbXXXXX
Config: XXXXXbEbbbbaabababbbbbbababaabbbbbXXXXX
Config: XXXXXEbbbbbaabababbbbbbababaabbbbbXXXXX
Config: XXXXEXbbbbbaabababbbbbbababaabbbbbXXXXX
Config: XXXXXAbbbbbaabababbbbbbababaabbbbbXXXXX
Config: XXXXXXFbbbbaabababbbbbbababaabbbbbXXXXX
Config: XXXXXXbGbbbaabababbbbbbababaabbbbbXXXXX
Config: XXXXXXbbGbbaabababbbbbbababaabbbbbXXXXX
Config: XXXXXXbbbGbaabababbbbbbababaabbbbbXXXXX
Config: XXXXXXbbbbGaabababbbbbbababaabbbbbXXXXX
Config: XXXXXXbbbbaGabababbbbbbababaabbbbbXXXXX
Config: XXXXXXbbbbaaGbababbbbbbababaabbbbbXXXXX
Config: XXXXXXbbbbaabGababbbbbbababaabbbbbXXXXX
Config: XXXXXXbbbbaabaGbabbbbbbababaabbbbbXXXXX
Config: XXXXXXbbbbaababGabbbbbbababaabbbbbXXXXX
Config: XXXXXXbbbbaababaGbbbbbbababaabbbbbXXXXX
Config: XXXXXXbbbbaabababGbbbbbababaabbbbbXXXXX
Config: XXXXXXbbbbaabababbGbbbbababaabbbbbXXXXX
Config: XXXXXXbbbbaabababbbGbbbababaabbbbbXXXXX
Config: XXXXXXbbbbaabababbbbGbbababaabbbbbXXXXX
Config: XXXXXXbbbbaabababbbbbGbababaabbbbbXXXXX
Config: XXXXXXbbbbaabababbbbbbGababaabbbbbXXXXX
Config: XXXXXXbbbbaabababbbbbbaGbabaabbbbbXXXXX
Config: XXXXXXbbbbaabababbbbbbabGabaabbbbbXXXXX
Config: XXXXXXbbbbaabababbbbbbabaGbaabbbbbXXXXX
Config: XXXXXXbbbbaabababbbbbbababGaabbbbbXXXXX
Config: XXXXXXbbbbaabababbbbbbababaGabbbbbXXXXX
Config: XXXXXXbbbbaabababbbbbbababaaGbbbbbXXXXX
Config: XXXXXXbbbbaabababbbbbbababaabGbbbbXXXXX
Config: XXXXXXbbbbaabababbbbbbababaabbGbbbXXXXX
Config: XXXXXXbbbbaabababbbbbbababaabbbGbbXXXXX
Config: XXXXXXbbbbaabababbbbbbababaabbbbGbXXXXX
Config: XXXXXXbbbbaabababbbbbbababaabbbbbGXXXXX
Config: XXXXXXbbbbaabababbbbbbababaabbbbHbXXXXX
Config: XXXXXXbbbbaabababbbbbbababaabbbEbXXXXXX
Config: XXXXXXbbbbaabababbbbbbababaabbEbbXXXXXX
Config: XXXXXXbbbbaabababbbbbbababaabEbbbXXXXXX
Config: XXXXXXbbbbaabababbbbbbababaaEbbbbXXXXXX
Config: XXXXXXbbbbaabababbbbbbababaEabbbbXXXXXX
Config: XXXXXXbbbbaabababbbbbbababEaabbbbXXXXXX
Config: XXXXXXbbbbaabababbbbbbabaEbaabbbbXXXXXX
Config: XXXXXXbbbbaabababbbbbbabEabaabbbbXXXXXX
Config: XXXXXXbbbbaabababbbbbbaEbabaabbbbXXXXXX
Config: XXXXXXbbbbaabababbbbbbEababaabbbbXXXXXX
Config: XXXXXXbbbbaabababbbbbEbababaabbbbXXXXXX
Config: XXXXXXbbbbaabababbbbEbbababaabbbbXXXXXX
Config: XXXXXXbbbbaabababbbEbbbababaabbbbXXXXXX
Config: XXXXXXbbbbaabababbEbbbbababaabbbbXXXXXX
Config: XXXXXXbbbbaabababEbbbbbababaabbbbXXXXXX
Config: XXXXXXbbbbaababaEbbbbbbababaabbbbXXXXXX
Config: XXXXXXbbbbaababEabbbbbbababaabbbbXXXXXX
Config: XXXXXXbbbbaabaEbabbbbbbababaabbbbXXXXXX
Config: XXXXXXbbbbaabEababbbbbbababaabbbbXXXXXX
Config: XXXXXXbbbbaaEbababbbbbbababaabbbbXXXXXX
Config: XXXXXXbbbbaEabababbbbbbababaabbbbXXXXXX
Config: XXXXXXbbbbEaabababbbbbbababaabbbbXXXXXX
Config: XXXXXXbbbEbaabababbbbbbababaabbbbXXXXXX
Config: XXXXXXbbEbbaabababbbbbbababaabbbbXXXXXX
Config: XXXXXXbEbbbaabababbbbbbababaabbbbXXXXXX
Config: XXXXXXEbbbbaabababbbbbbababaabbbbXXXXXX
Config: XXXXXEXbbbbaabababbbbbbababaabbbbXXXXXX
Config: XXXXXXAbbbbaabababbbbbbababaabbbbXXXXXX
Config: XXXXXXXFbbbaabababbbbbbababaabbbbXXXXXX
Config: XXXXXXXbGbbaabababbbbbbababaabbbbXXXXXX
Config: XXXXXXXbbGbaabababbbbbbababaabbbbXXXXXX
Config: XXXXXXXbbbGaabababbbbbbababaabbbbXXXXXX
Config: XXXXXXXbbbaGabababbbbbbababaabbbbXXXXXX
Config: XXXXXXXbbbaaGbababbbbbbababaabbbbXXXXXX
Config: XXXXXXXbbbaabGababbbbbbababaabbbbXXXXXX
Config: XXXXXXXbbbaabaGbabbbbbbababaabbbbXXXXXX
Config: XXXXXXXbbbaababGabbbbbbababaabbbbXXXXXX
Config: XXXXXXXbbbaababaGbbbbbbababaabbbbXXXXXX
Config: XXXXXXXbbbaabababGbbbbbababaabbbbXXXXXX
Config: XXXXXXXbbbaabababbGbbbbababaabbbbXXXXXX
Config: XXXXXXXbbbaabababbbGbbbababaabbbbXXXXXX
Config: XXXXXXXbbbaabababbbbGbbababaabbbbXXXXXX
Config: XXXXXXXbbbaabababbbbbGbababaabbbbXXXXXX
Config: XXXXXXXbbbaabababbbbbbGababaabbbbXXXXXX
Config: XXXXXXXbbbaabababbbbbbaGbabaabbbbXXXXXX
Config: XXXXXXXbbbaabababbbbbbabGabaabbbbXXXXXX
Config: XXXXXXXbbbaabababbbbbbabaGbaabbbbXXXXXX
Config: XXXXXXXbbbaabababbbbbbababGaabbbbXXXXXX
Config: XXXXXXXbbbaabababbbbbbababaGabbbbXXXXXX
Config: XXXXXXXbbbaabababbbbbbababaaGbbbbXXXXXX
Config: XXXXXXXbbbaabababbbbbbababaabGbbbXXXXXX
Config: XXXXXXXbbbaabababbbbbbababaabbGbbXXXXXX
Config: XXXXXXXbbbaabababbbbbbababaabbbGbXXXXXX
Config: XXXXXXXbbbaabababbbbbbababaabbbbGXXXXXX
Config: XXXXXXXbbbaabababbbbbbababaabbbHbXXXXXX
Config: XXXXXXXbbbaabababbbbbbababaabbEbXXXXXXX
Config: XXXXXXXbbbaabababbbbbbababaabEbbXXXXXXX
Config: XXXXXXXbbbaabababbbbbbababaaEbbbXXXXXXX
Config: XXXXXXXbbbaabababbbbbbababaEabbbXXXXXXX
Config: XXXXXXXbbbaabababbbbbbababEaabbbXXXXXXX
Config: XXXXXXXbbbaabababbbbbbabaEbaabbbXXXXXXX
Config: XXXXXXXbbbaabababbbbbbabEabaabbbXXXXXXX
Config: XXXXXXXbbbaabababbbbbbaEbabaabbbXXXXXXX
Config: XXXXXXXbbbaabababbbbbbEababaabbbXXXXXXX
Config: XXXXXXXbbbaabababbbbbEbababaabbbXXXXXXX
Config: XXXXXXXbbbaabababbbbEbbababaabbbXXXXXXX
Config: XXXXXXXbbbaabababbbEbbbababaabbbXXXXXXX
Config: XXXXXXXbbbaabababbEbbbbababaabbbXXXXXXX
Config: XXXXXXXbbbaabababEbbbbbababaabbbXXXXXXX
Config: XXXXXXXbbbaababaEbbbbbbababaabbbXXXXXXX
Config: XXXXXXXbbbaababEabbbbbbababaabbbXXXXXXX
Config: XXXXXXXbbbaabaEbabbbbbbababaabbbXXXXXXX
Config: XXXXXXXbbbaabEababbbbbbababaabbbXXXXXXX
Config: XXXXXXXbbbaaEbababbbbbbababaabbbXXXXXXX
Config: XXXXXXXbbbaEabababbbbbbababaabbbXXXXXXX
Config: XXXXXXXbbbEaabababbbbbbababaabbbXXXXXXX
Config: XXXXXXXbbEbaabababbbbbbababaabbbXXXXXXX
Config: XXXXXXXbEbbaabababbbbbbababaabbbXXXXXXX
Config: XXXXXXXEbbbaabababbbbbbababaabbbXXXXXXX
Config: XXXXXXEXbbbaabababbbbbbababaabbbXXXXXXX
Config: XXXXXXXAbbbaabababbbbbbababaabbbXXXXXXX
Config: XXXXXXXXFbbaabababbbbbbababaabbbXXXXXXX
Config: XXXXXXXXbGbaabababbbbbbababaabbbXXXXXXX
Config: XXXXXXXXbbGaabababbbbbbababaabbbXXXXXXX
Config: XXXXXXXXbbaGabababbbbbbababaabbbXXXXXXX
Config: XXXXXXXXbbaaGbababbbbbbababaabbbXXXXXXX
Config: XXXXXXXXbbaabGababbbbbbababaabbbXXXXXXX
Config: XXXXXXXXbbaabaGbabbbbbbababaabbbXXXXXXX
Config: XXXXXXXXbbaababGabbbbbbababaabbbXXXXXXX
Config: XXXXXXXXbbaababaGbbbbbbababaabbbXXXXXXX
Config: XXXXXXXXbbaabababGbbbbbababaabbbXXXXXXX
Config: XXXXXXXXbbaabababbGbbbbababaabbbXXXXXXX
Config: XXXXXXXXbbaabababbbGbbbababaabbbXXXXXXX
Config: XXXXXXXXbbaabababbbbGbbababaabbbXXXXXXX
Config: XXXXXXXXbbaabababbbbbGbababaabbbXXXXXXX
Config: XXXXXXXXbbaabababbbbbbGababaabbbXXXXXXX
Config: XXXXXXXXbbaabababbbbbbaGbabaabbbXXXXXXX
Config: XXXXXXXXbbaabababbbbbbabGabaabbbXXXXXXX
Config: XXXXXXXXbbaabababbbbbbabaGbaabbbXXXXXXX
Config: XXXXXXXXbbaabababbbbbbababGaabbbXXXXXXX
Config: XXXXXXXXbbaabababbbbbbababaGabbbXXXXXXX
Config: XXXXXXXXbbaabababbbbbbababaaGbbbXXXXXXX
Config: XXXXXXXXbbaabababbbbbbababaabGbbXXXXXXX
Config: XXXXXXXXbbaabababbbbbbababaabbGbXXXXXXX
Config: XXXXXXXXbbaabababbbbbbababaabbbGXXXXXXX
Config: XXXXXXXXbbaabababbbbbbababaabbHbXXXXXXX
Config: XXXXXXXXbbaabababbbbbbababaabEbXXXXXXXX
Config: XXXXXXXXbbaabababbbbbbababaaEbbXXXXXXXX
Config: XXXXXXXXbbaabababbbbbbababaEabbXXXXXXXX
Config: XXXXXXXXbbaabababbbbbbababEaabbXXXXXXXX
Config: XXXXXXXXbbaabababbbbbbabaEbaabbXXXXXXXX
Config: XXXXXXXXbbaabababbbbbbabEabaabbXXXXXXXX
Config: XXXXXXXXbbaabababbbbbbaEbabaabbXXXXXXXX
Config: XXXXXXXXbbaabababbbbbbEababaabbXXXXXXXX
Config: XXXXXXXXbbaabababbbbbEbababaabbXXXXXXXX
Config: XXXXXXXXbbaabababbbbEbbababaabbXXXXXXXX
Config: XXXXXXXXbbaabababbbEbbbababaabbXXXXXXXX
Config: XXXXXXXXbbaabababbEbbbbababaabbXXXXXXXX
Config: XXXXXXXXbbaabababEbbbbbababaabbXXXXXXXX
Config: XXXXXXXXbbaababaEbbbbbbababaabbXXXXXXXX
Config: XXXXXXXXbbaababEabbbbbbababaabbXXXXXXXX
Config: XXXXXXXXbbaabaEbabbbbbbababaabbXXXXXXXX
Config: XXXXXXXXbbaabEababbbbbbababaabbXXXXXXXX
Config: XXXXXXXXbbaaEbababbbbbbababaabbXXXXXXXX
Config: XXXXXXXXbbaEabababbbbbbababaabbXXXXXXXX
Config: XXXXXXXXbbEaabababbbbbbababaabbXXXXXXXX
Config: XXXXXXXXbEbaabababbbbbbababaabbXXXXXXXX
Config: XXXXXXXXEbbaabababbbbbbababaabbXXXXXXXX
Config: XXXXXXXEXbbaabababbbbbbababaabbXXXXXXXX
Config: XXXXXXXXAbbaabababbbbbbababaabbXXXXXXXX
Config: XXXXXXXXXFbaabababbbbbbababaabbXXXXXXXX
Config: XXXXXXXXXbGaabababbbbbbababaabbXXXXXXXX
Config: XXXXXXXXXbaGabababbbbbbababaabbXXXXXXXX
Config: XXXXXXXXXbaaGbababbbbbbababaabbXXXXXXXX
Config: XXXXXXXXXbaabGababbbbbbababaabbXXXXXXXX
Config: XXXXXXXXXbaabaGbabbbbbbababaabbXXXXXXXX
Config: XXXXXXXXXbaababGabbbbbbababaabbXXXXXXXX
Config: XXXXXXXXXbaababaGbbbbbbababaabbXXXXXXXX
Config: XXXXXXXXXbaabababGbbbbbababaabbXXXXXXXX
Config: XXXXXXXXXbaabababbGbbbbababaabbXXXXXXXX
Config: XXXXXXXXXbaabababbbGbbbababaabbXXXXXXXX
Config: XXXXXXXXXbaabababbbbGbbababaabbXXXXXXXX
Config: XXXXXXXXXbaabababbbbbGbababaabbXXXXXXXX
Config: XXXXXXXXXbaabababbbbbbGababaabbXXXXXXXX
Config: XXXXXXXXXbaabababbbbbbaGbabaabbXXXXXXXX
Config: XXXXXXXXXbaabababbbbbbabGabaabbXXXXXXXX
Config: XXXXXXXXXbaabababbbbbbabaGbaabbXXXXXXXX
Config: XXXXXXXXXbaabababbbbbbababGaabbXXXXXXXX
Config: XXXXXXXXXbaabababbbbbbababaGabbXXXXXXXX
Config: XXXXXXXXXbaabababbbbbbababaaGbbXXXXXXXX
Config: XXXXXXXXXbaabababbbbbbababaabGbXXXXXXXX
Config: XXXXXXXXXbaabababbbbbbababaabbGXXXXXXXX
Config: XXXXXXXXXbaabababbbbbbababaabHbXXXXXXXX
Config: XXXXXXXXXbaabababbbbbbababaaEbXXXXXXXXX
Config: XXXXXXXXXbaabababbbbbbababaEabXXXXXXXXX
Config: XXXXXXXXXbaabababbbbbbababEaabXXXXXXXXX
Config: XXXXXXXXXbaabababbbbbbabaEbaabXXXXXXXXX
Config: XXXXXXXXXbaabababbbbbbabEabaabXXXXXXXXX
Config: XXXXXXXXXbaabababbbbbbaEbabaabXXXXXXXXX
Config: XXXXXXXXXbaabababbbbbbEababaabXXXXXXXXX
Config: XXXXXXXXXbaabababbbbbEbababaabXXXXXXXXX
Config: XXXXXXXXXbaabababbbbEbbababaabXXXXXXXXX
Config: XXXXXXXXXbaabababbbEbbbababaabXXXXXXXXX
Config: XXXXXXXXXbaabababbEbbbbababaabXXXXXXXXX
Config: XXXXXXXXXbaabababEbbbbbababaabXXXXXXXXX
Config: XXXXXXXXXbaababaEbbbbbbababaabXXXXXXXXX
Config: XXXXXXXXXbaababEabbbbbbababaabXXXXXXXXX
Config: XXXXXXXXXbaabaEbabbbbbbababaabXXXXXXXXX
Config: XXXXXXXXXbaabEababbbbbbababaabXXXXXXXXX
Config: XXXXXXXXXbaaEbababbbbbbababaabXXXXXXXXX
Config: XXXXXXXXXbaEabababbbbbbababaabXXXXXXXXX
Config: XXXXXXXXXbEaabababbbbbbababaabXXXXXXXXX
Config: XXXXXXXXXEbaabababbbbbbababaabXXXXXXXXX
Config: XXXXXXXXEXbaabababbbbbbababaabXXXXXXXXX
Config: XXXXXXXXXAbaabababbbbbbababaabXXXXXXXXX
Config: XXXXXXXXXXFaabababbbbbbababaabXXXXXXXXX
Config: XXXXXXXXXXaGabababbbbbbababaabXXXXXXXXX
Config: XXXXXXXXXXaaGbababbbbbbababaabXXXXXXXXX
Config: XXXXXXXXXXaabGababbbbbbababaabXXXXXXXXX
Config: XXXXXXXXXXaabaGbabbbbbbababaabXXXXXXXXX
Config: XXXXXXXXXXaababGabbbbbbababaabXXXXXXXXX
Config: XXXXXXXXXXaababaGbbbbbbababaabXXXXXXXXX
Config: XXXXXXXXXXaabababGbbbbbababaabXXXXXXXXX
Config: XXXXXXXXXXaabababbGbbbbababaabXXXXXXXXX
Config: XXXXXXXXXXaabababbbGbbbababaabXXXXXXXXX
Config: XXXXXXXXXXaabababbbbGbbababaabXXXXXXXXX
Config: XXXXXXXXXXaabababbbbbGbababaabXXXXXXXXX
Config: XXXXXXXXXXaabababbbbbbGababaabXXXXXXXXX
Config: XXXXXXXXXXaabababbbbbbaGbabaabXXXXXXXXX
Config: XXXXXXXXXXaabababbbbbbabGabaabXXXXXXXXX
Config: XXXXXXXXXXaabababbbbbbabaGbaabXXXXXXXXX
Config: XXXXXXXXXXaabababbbbbbababGaabXXXXXXXXX
Config: XXXXXXXXXXaabababbbbbbababaGabXXXXXXXXX
Config: XXXXXXXXXXaabababbbbbbababaaGbXXXXXXXXX
Config: XXXXXXXXXXaabababbbbbbababaabGXXXXXXXXX
Config: XXXXXXXXXXaabababbbbbbababaaHbXXXXXXXXX
Config: XXXXXXXXXXaabababbbbbbababaEaXXXXXXXXXX
Config: XXXXXXXXXXaabababbbbbbababEaaXXXXXXXXXX
Config: XXXXXXXXXXaabababbbbbbabaEbaaXXXXXXXXXX
Config: XXXXXXXXXXaabababbbbbbabEabaaXXXXXXXXXX
Config: XXXXXXXXXXaabababbbbbbaEbabaaXXXXXXXXXX
Config: XXXXXXXXXXaabababbbbbbEababaaXXXXXXXXXX
Config: XXXXXXXXXXaabababbbbbEbababaaXXXXXXXXXX
Config: XXXXXXXXXXaabababbbbEbbababaaXXXXXXXXXX
Config: XXXXXXXXXXaabababbbEbbbababaaXXXXXXXXXX
Config: XXXXXXXXXXaabababbEbbbbababaaXXXXXXXXXX
Config: XXXXXXXXXXaabababEbbbbbababaaXXXXXXXXXX
Config: XXXXXXXXXXaababaEbbbbbbababaaXXXXXXXXXX
Config: XXXXXXXXXXaababEabbbbbbababaaXXXXXXXXXX
Config: XXXXXXXXXXaabaEbabbbbbbababaaXXXXXXXXXX
Config: XXXXXXXXXXaabEababbbbbbababaaXXXXXXXXXX
Config: XXXXXXXXXXaaEbababbbbbbababaaXXXXXXXXXX
Config: XXXXXXXXXXaEabababbbbbbababaaXXXXXXXXXX
Config: XXXXXXXXXXEaabababbbbbbababaaXXXXXXXXXX
Config: XXXXXXXXXEXaabababbbbbbababaaXXXXXXXXXX
Config: XXXXXXXXXXAaabababbbbbbababaaXXXXXXXXXX
Config: XXXXXXXXXXXBabababbbbbbababaaXXXXXXXXXX
Config: XXXXXXXXXXXaCbababbbbbbababaaXXXXXXXXXX
Config: XXXXXXXXXXXabCababbbbbbababaaXXXXXXXXXX
Config: XXXXXXXXXXXabaCbabbbbbbababaaXXXXXXXXXX
Config: XXXXXXXXXXXababCabbbbbbababaaXXXXXXXXXX
Config: XXXXXXXXXXXababaCbbbbbbababaaXXXXXXXXXX
Config: XXXXXXXXXXXabababCbbbbbababaaXXXXXXXXXX
Config: XXXXXXXXXXXabababbCbbbbababaaXXXXXXXXXX
Config: XXXXXXXXXXXabababbbCbbbababaaXXXXXXXXXX
Config: XXXXXXXXXXXabababbbbCbbababaaXXXXXXXXXX
Config: XXXXXXXXXXXabababbbbbCbababaaXXXXXXXXXX
Config: XXXXXXXXXXXabababbbbbbCababaaXXXXXXXXXX
Config: XXXXXXXXXXXabababbbbbbaCbabaaXXXXXXXXXX
Config: XXXXXXXXXXXabababbbbbbabCabaaXXXXXXXXXX
Config: XXXXXXXXXXXabababbbbbbabaCbaaXXXXXXXXXX
Config: XXXXXXXXXXXabababbbbbbababCaaXXXXXXXXXX
Config: XXXXXXXXXXXabababbbbbbababaCaXXXXXXXXXX
Config: XXXXXXXXXXXabababbbbbbababaaCXXXXXXXXXX
Config: XXXXXXXXXXXabababbbbbbababaDaXXXXXXXXXX
Config: XXXXXXXXXXXabababbbbbbababEaXXXXXXXXXXX
Config: XXXXXXXXXXXabababbbbbbabaEbaXXXXXXXXXXX
Config: XXXXXXXXXXXabababbbbbbabEabaXXXXXXXXXXX
Config: XXXXXXXXXXXabababbbbbbaEbabaXXXXXXXXXXX
Config: XXXXXXXXXXXabababbbbbbEababaXXXXXXXXXXX
Config: XXXXXXXXXXXabababbbbbEbababaXXXXXXXXXXX
Config: XXXXXXXXXXXabababbbbEbbababaXXXXXXXXXXX
Config: XXXXXXXXXXXabababbbEbbbababaXXXXXXXXXXX
Config: XXXXXXXXXXXabababbEbbbbababaXXXXXXXXXXX
Config: XXXXXXXXXXXabababEbbbbbababaXXXXXXXXXXX
Config: XXXXXXXXXXXababaEbbbbbbababaXXXXXXXXXXX
Config: XXXXXXXXXXXababEabbbbbbababaXXXXXXXXXXX
Config: XXXXXXXXXXXabaEbabbbbbbababaXXXXXXXXXXX
Config: XXXXXXXXXXXabEababbbbbbababaXXXXXXXXXXX
Config: XXXXXXXXXXXaEbababbbbbbababaXXXXXXXXXXX
Config: XXXXXXXXXXXEabababbbbbbababaXXXXXXXXXXX
Config: XXXXXXXXXXEXabababbbbbbababaXXXXXXXXXXX
Config: XXXXXXXXXXXAabababbbbbbababaXXXXXXXXXXX
Config: XXXXXXXXXXXXBbababbbbbbababaXXXXXXXXXXX
Config: XXXXXXXXXXXXbCababbbbbbababaXXXXXXXXXXX
Config: XXXXXXXXXXXXbaCbabbbbbbababaXXXXXXXXXXX
Config: XXXXXXXXXXXXbabCabbbbbbababaXXXXXXXXXXX
Config: XXXXXXXXXXXXbabaCbbbbbbababaXXXXXXXXXXX
Config: XXXXXXXXXXXXbababCbbbbbababaXXXXXXXXXXX
Config: XXXXXXXXXXXXbababbCbbbbababaXXXXXXXXXXX
Config: XXXXXXXXXXXXbababbbCbbbababaXXXXXXXXXXX
Config: XXXXXXXXXXXXbababbbbCbbababaXXXXXXXXXXX
Config: XXXXXXXXXXXXbababbbbbCbababaXXXXXXXXXXX
Config: XXXXXXXXXXXXbababbbbbbCababaXXXXXXXXXXX
Config: XXXXXXXXXXXXbababbbbbbaCbabaXXXXXXXXXXX
Config: XXXXXXXXXXXXbababbbbbbabCabaXXXXXXXXXXX
Config: XXXXXXXXXXXXbababbbbbbabaCbaXXXXXXXXXXX
Config: XXXXXXXXXXXXbababbbbbbababCaXXXXXXXXXXX
Config: XXXXXXXXXXXXbababbbbbbababaCXXXXXXXXXXX
Config: XXXXXXXXXXXXbababbbbbbababDaXXXXXXXXXXX
Config: XXXXXXXXXXXXbababbbbbbabaEbXXXXXXXXXXXX
Config: XXXXXXXXXXXXbababbbbbbabEabXXXXXXXXXXXX
Config: XXXXXXXXXXXXbababbbbbbaEbabXXXXXXXXXXXX
Config: XXXXXXXXXXXXbababbbbbbEababXXXXXXXXXXXX
Config: XXXXXXXXXXXXbababbbbbEbababXXXXXXXXXXXX
Config: XXXXXXXXXXXXbababbbbEbbababXXXXXXXXXXXX
Config: XXXXXXXXXXXXbababbbEbbbababXXXXXXXXXXXX
Config: XXXXXXXXXXXXbababbEbbbbababXXXXXXXXXXXX
Config: XXXXXXXXXXXXbababEbbbbbababXXXXXXXXXXXX
Config: XXXXXXXXXXXXbabaEbbbbbbababXXXXXXXXXXXX
Config: XXXXXXXXXXXXbabEabbbbbbababXXXXXXXXXXXX
Config: XXXXXXXXXXXXbaEbabbbbbbababXXXXXXXXXXXX
Config: XXXXXXXXXXXXbEababbbbbbababXXXXXXXXXXXX
Config: XXXXXXXXXXXXEbababbbbbbababXXXXXXXXXXXX
Config: XXXXXXXXXXXEXbababbbbbbababXXXXXXXXXXXX
Config: XXXXXXXXXXXXAbababbbbbbababXXXXXXXXXXXX
Config: XXXXXXXXXXXXXFababbbbbbababXXXXXXXXXXXX
Config: XXXXXXXXXXXXXaGbabbbbbbababXXXXXXXXXXXX
Config: XXXXXXXXXXXXXabGabbbbbbababXXXXXXXXXXXX
Config: XXXXXXXXXXXXXabaGbbbbbbababXXXXXXXXXXXX
Config: XXXXXXXXXXXXXababGbbbbbababXXXXXXXXXXXX
Config: XXXXXXXXXXXXXababbGbbbbababXXXXXXXXXXXX
Config: XXXXXXXXXXXXXababbbGbbbababXXXXXXXXXXXX
Config: XXXXXXXXXXXXXababbbbGbbababXXXXXXXXXXXX
Config: XXXXXXXXXXXXXababbbbbGbababXXXXXXXXXXXX
Config: XXXXXXXXXXXXXababbbbbbGababXXXXXXXXXXXX
Config: XXXXXXXXXXXXXababbbbbbaGbabXXXXXXXXXXXX
Config: XXXXXXXXXXXXXababbbbbbabGabXXXXXXXXXXXX
Config: XXXXXXXXXXXXXababbbbbbabaGbXXXXXXXXXXXX
Config: XXXXXXXXXXXXXababbbbbbababGXXXXXXXXXXXX
Config: XXXXXXXXXXXXXababbbbbbabaHbXXXXXXXXXXXX
Config: XXXXXXXXXXXXXababbbbbbabEaXXXXXXXXXXXXX
Config: XXXXXXXXXXXXXababbbbbbaEbaXXXXXXXXXXXXX
Config: XXXXXXXXXXXXXababbbbbbEabaXXXXXXXXXXXXX
Config: XXXXXXXXXXXXXababbbbbEbabaXXXXXXXXXXXXX
Config: XXXXXXXXXXXXXababbbbEbbabaXXXXXXXXXXXXX
Config: XXXXXXXXXXXXXababbbEbbbabaXXXXXXXXXXXXX
Config: XXXXXXXXXXXXXababbEbbbbabaXXXXXXXXXXXXX
Config: XXXXXXXXXXXXXababEbbbbbabaXXXXXXXXXXXXX
Config: XXXXXXXXXXXXXabaEbbbbbbabaXXXXXXXXXXXXX
Config: XXXXXXXXXXXXXabEabbbbbbabaXXXXXXXXXXXXX
Config: XXXXXXXXXXXXXaEbabbbbbbabaXXXXXXXXXXXXX
Config: XXXXXXXXXXXXXEababbbbbbabaXXXXXXXXXXXXX
Config: XXXXXXXXXXXXEXababbbbbbabaXXXXXXXXXXXXX
Config: XXXXXXXXXXXXXAababbbbbbabaXXXXXXXXXXXXX
Config: XXXXXXXXXXXXXXBbabbbbbbabaXXXXXXXXXXXXX
Config: XXXXXXXXXXXXXXbCabbbbbbabaXXXXXXXXXXXXX
Config: XXXXXXXXXXXXXXbaCbbbbbbabaXXXXXXXXXXXXX
Config: XXXXXXXXXXXXXXbabCbbbbbabaXXXXXXXXXXXXX
Config: XXXXXXXXXXXXXXbabbCbbbbabaXXXXXXXXXXXXX
Config: XXXXXXXXXXXXXXbabbbCbbbabaXXXXXXXXXXXXX
Config: XXXXXXXXXXXXXXbabbbbCbbabaXXXXXXXXXXXXX
Config: XXXXXXXXXXXXXXbabbbbbCbabaXXXXXXXXXXXXX
Config: XXXXXXXXXXXXXXbabbbbbbCabaXXXXXXXXXXXXX
Config: XXXXXXXXXXXXXXbabbbbbbaCbaXXXXXXXXXXXXX
Config: XXXXXXXXXXXXXXbabbbbbbabCaXXXXXXXXXXXXX
Config: XXXXXXXXXXXXXXbabbbbbbabaCXXXXXXXXXXXXX
Config: XXXXXXXXXXXXXXbabbbbbbabDaXXXXXXXXXXXXX
Config: XXXXXXXXXXXXXXbabbbbbbaEbXXXXXXXXXXXXXX
Config: XXXXXXXXXXXXXXbabbbbbbEabXXXXXXXXXXXXXX
Config: XXXXXXXXXXXXXXbabbbbbEbabXXXXXXXXXXXXXX
Config: XXXXXXXXXXXXXXbabbbbEbbabXXXXXXXXXXXXXX
Config: XXXXXXXXXXXXXXbabbbEbbbabXXXXXXXXXXXXXX
Config: XXXXXXXXXXXXXXbabbEbbbbabXXXXXXXXXXXXXX
Config: XXXXXXXXXXXXXXbabEbbbbbabXXXXXXXXXXXXXX
Config: XXXXXXXXXXXXXXbaEbbbbbbabXXXXXXXXXXXXXX
Config: XXXXXXXXXXXXXXbEabbbbbbabXXXXXXXXXXXXXX
Config: XXXXXXXXXXXXXXEbabbbbbbabXXXXXXXXXXXXXX
Config: XXXXXXXXXXXXXEXbabbbbbbabXXXXXXXXXXXXXX
Config: XXXXXXXXXXXXXXAbabbbbbbabXXXXXXXXXXXXXX
Config: XXXXXXXXXXXXXXXFabbbbbbabXXXXXXXXXXXXXX
Config: XXXXXXXXXXXXXXXaGbbbbbbabXXXXXXXXXXXXXX
Config: XXXXXXXXXXXXXXXabGbbbbbabXXXXXXXXXXXXXX
Config: XXXXXXXXXXXXXXXabbGbbbbabXXXXXXXXXXXXXX
Config: XXXXXXXXXXXXXXXabbbGbbbabXXXXXXXXXXXXXX
Config: XXXXXXXXXXXXXXXabbbbGbbabXXXXXXXXXXXXXX
Config: XXXXXXXXXXXXXXXabbbbbGbabXXXXXXXXXXXXXX
Config: XXXXXXXXXXXXXXXabbbbbbGabXXXXXXXXXXXXXX
Config: XXXXXXXXXXXXXXXabbbbbbaGbXXXXXXXXXXXXXX
Config: XXXXXXXXXXXXXXXabbbbbbabGXXXXXXXXXXXXXX
Config: XXXXXXXXXXXXXXXabbbbbbaHbXXXXXXXXXXXXXX
Config: XXXXXXXXXXXXXXXabbbbbbEaXXXXXXXXXXXXXXX
Config: XXXXXXXXXXXXXXXabbbbbEbaXXXXXXXXXXXXXXX
Config: XXXXXXXXXXXXXXXabbbbEbbaXXXXXXXXXXXXXXX
Config: XXXXXXXXXXXXXXXabbbEbbbaXXXXXXXXXXXXXXX
Config: XXXXXXXXXXXXXXXabbEbbbbaXXXXXXXXXXXXXXX
Config: XXXXXXXXXXXXXXXabEbbbbbaXXXXXXXXXXXXXXX
Config: XXXXXXXXXXXXXXXaEbbbbbbaXXXXXXXXXXXXXXX
Config: XXXXXXXXXXXXXXXEabbbbbbaXXXXXXXXXXXXXXX
Config: XXXXXXXXXXXXXXEXabbbbbbaXXXXXXXXXXXXXXX
Config: XXXXXXXXXXXXXXXAabbbbbbaXXXXXXXXXXXXXXX
Config: XXXXXXXXXXXXXXXXBbbbbbbaXXXXXXXXXXXXXXX
Config: XXXXXXXXXXXXXXXXbCbbbbbaXXXXXXXXXXXXXXX
Config: XXXXXXXXXXXXXXXXbbCbbbbaXXXXXXXXXXXXXXX
Config: XXXXXXXXXXXXXXXXbbbCbbbaXXXXXXXXXXXXXXX
Config: XXXXXXXXXXXXXXXXbbbbCbbaXXXXXXXXXXXXXXX
Config: XXXXXXXXXXXXXXXXbbbbbCbaXXXXXXXXXXXXXXX
Config: XXXXXXXXXXXXXXXXbbbbbbCaXXXXXXXXXXXXXXX
Config: XXXXXXXXXXXXXXXXbbbbbbaCXXXXXXXXXXXXXXX
Config: XXXXXXXXXXXXXXXXbbbbbbDaXXXXXXXXXXXXXXX
Config: XXXXXXXXXXXXXXXXbbbbbEbXXXXXXXXXXXXXXXX
Config: XXXXXXXXXXXXXXXXbbbbEbbXXXXXXXXXXXXXXXX
Config: XXXXXXXXXXXXXXXXbbbEbbbXXXXXXXXXXXXXXXX
Config: XXXXXXXXXXXXXXXXbbEbbbbXXXXXXXXXXXXXXXX
Config: XXXXXXXXXXXXXXXXbEbbbbbXXXXXXXXXXXXXXXX
Config: XXXXXXXXXXXXXXXXEbbbbbbXXXXXXXXXXXXXXXX
Config: XXXXXXXXXXXXXXXEXbbbbbbXXXXXXXXXXXXXXXX
Config: XXXXXXXXXXXXXXXXAbbbbbbXXXXXXXXXXXXXXXX
Config: XXXXXXXXXXXXXXXXXFbbbbbXXXXXXXXXXXXXXXX
Config: XXXXXXXXXXXXXXXXXbGbbbbXXXXXXXXXXXXXXXX
Config: XXXXXXXXXXXXXXXXXbbGbbbXXXXXXXXXXXXXXXX
Config: XXXXXXXXXXXXXXXXXbbbGbbXXXXXXXXXXXXXXXX
Config: XXXXXXXXXXXXXXXXXbbbbGbXXXXXXXXXXXXXXXX
Config: XXXXXXXXXXXXXXXXXbbbbbGXXXXXXXXXXXXXXXX
Config: XXXXXXXXXXXXXXXXXbbbbHbXXXXXXXXXXXXXXXX
Config: XXXXXXXXXXXXXXXXXbbbEbXXXXXXXXXXXXXXXXX
Config: XXXXXXXXXXXXXXXXXbbEbbXXXXXXXXXXXXXXXXX
Config: XXXXXXXXXXXXXXXXXbEbbbXXXXXXXXXXXXXXXXX
Config: XXXXXXXXXXXXXXXXXEbbbbXXXXXXXXXXXXXXXXX
Config: XXXXXXXXXXXXXXXXEXbbbbXXXXXXXXXXXXXXXXX
Config: XXXXXXXXXXXXXXXXXAbbbbXXXXXXXXXXXXXXXXX
Config: XXXXXXXXXXXXXXXXXXFbbbXXXXXXXXXXXXXXXXX
Config: XXXXXXXXXXXXXXXXXXbGbbXXXXXXXXXXXXXXXXX
Config: XXXXXXXXXXXXXXXXXXbbGbXXXXXXXXXXXXXXXXX
Config: XXXXXXXXXXXXXXXXXXbbbGXXXXXXXXXXXXXXXXX
Config: XXXXXXXXXXXXXXXXXXbbHbXXXXXXXXXXXXXXXXX
Config: XXXXXXXXXXXXXXXXXXbEbXXXXXXXXXXXXXXXXXX
Config: XXXXXXXXXXXXXXXXXXEbbXXXXXXXXXXXXXXXXXX
Config: XXXXXXXXXXXXXXXXXEXbbXXXXXXXXXXXXXXXXXX
Config: XXXXXXXXXXXXXXXXXXAbbXXXXXXXXXXXXXXXXXX
Config: XXXXXXXXXXXXXXXXXXXFbXXXXXXXXXXXXXXXXXX
Config: XXXXXXXXXXXXXXXXXXXbGXXXXXXXXXXXXXXXXXX
Config: XXXXXXXXXXXXXXXXXXXHbXXXXXXXXXXXXXXXXXX
Config: XXXXXXXXXXXXXXXXXXEXXXXXXXXXXXXXXXXXXXX
Config: XXXXXXXXXXXXXXXXXXXAXXXXXXXXXXXXXXXXXXX
Config: XXXXXXXXXXXXXXXXXXXXIXXXXXXXXXXXXXXXXXX
aaaabbbbbbaabababbbbbbababaabbbbbbaaaa is in the language recognized by the Turing machine
