Number of nodes and number of edges: 
Add 10671 edges: 
|A| = 0, |B| = 0, |C| = 170