Number of nodes and number of edges: 
Add 404 edges: 
|A| = 138, |B| = 26, |C| = 22