Number of nodes and number of edges: 
Add 153 edges: 
|A| = 63, |B| = 9, |C| = 6