Number of nodes and number of edges: 
Add 57 edges: 
|A| = 17, |B| = 1, |C| = 6