Number of nodes and number of edges: 
Add 205 edges: 
|A| = 63, |B| = 16, |C| = 10