Number of nodes and number of edges: 
Add 270 edges: 
|A| = 91, |B| = 16, |C| = 18