Number of nodes and number of edges: 
Add 190 edges: 
|A| = 61, |B| = 11, |C| = 15