Number of nodes and number of edges: 
Add 14 edges: 
|A| = 6, |B| = 4, |C| = 0