Number of nodes and number of edges: 
Add 7720 edges: 
|A| = 0, |B| = 0, |C| = 154