Number of nodes and number of edges: 
Add 4499 edges: 
|A| = 0, |B| = 0, |C| = 123