Number of nodes and number of edges: 
Add 192 edges: 
|A| = 73, |B| = 9, |C| = 14