Enter the number of hotels and the ideal number of miles to travel per day: Enter 421 hotel distances each on a separate line: Hotels to visit: 17 30 45 64 78 94 110 122 141 151 161 176 192 207 220 228 248 264 283 299 313 327 346 363 376 393 410 421 
Total penalty: 2476
