Enter the number of hotels and the ideal number of miles to travel per day: Enter 463 hotel distances each on a separate line: Hotels to visit: 43 90 135 189 228 258 300 339 374 424 463 
Total penalty: 3472
