Enter the number of hotels and the ideal number of miles to travel per day: Enter 40 hotel distances each on a separate line: Hotels to visit: 3 7 9 12 16 18 21 24 27 30 33 36 40 
Total penalty: 122570
