Enter the number of hotels and the ideal number of miles to travel per day: Enter 923 hotel distances each on a separate line: Hotels to visit: 37 81 119 158 197 239 268 297 320 367 392 430 472 496 537 579 613 643 694 731 767 795 834 861 893 923 
Total penalty: 2772
