Enter the number of hotels and the ideal number of miles to travel per day: Enter 865 hotel distances each on a separate line: Hotels to visit: 53 129 202 267 343 411 475 542 594 660 723 795 865 
Total penalty: 2210
