Enter the number of hotels and the ideal number of miles to travel per day: Enter 906 hotel distances each on a separate line: Hotels to visit: 55 106 151 197 241 280 330 378 425 476 531 598 671 728 775 827 906 
Total penalty: 3534
