Enter the number of hotels and the ideal number of miles to travel per day: Enter 77 hotel distances each on a separate line: Hotels to visit: 10 14 21 26 35 42 48 55 60 68 71 77 
Total penalty: 67628
