Enter the number of hotels and the ideal number of miles to travel per day: Enter 16 hotel distances each on a separate line: Hotels to visit: 2 4 5 8 9 10 13 14 16 
Total penalty: 1885440
