__________tgtctgt
ataaaataat_______
-17
______________rbpxxwlljajfmdxtlpiekyafuyfmyj
lymnpekpgphljo______________________________
-44
_______________gtwmcpaksymuhrfdjbjjsawgkscddcqo
rmanidlarzztofb________________________________
-47
______aagaagcaataaaaa
aaaatc_______________
-21
________________uiwbdbohkvjuvgrbhbzbjsklibmhemartx
xjwciewwgokkufpl__________________________________
-50
_______________________________________xyxikxuogvohwfznhvzhapbblgbjbotqkjhcob
cfksczandvebmyobfiktdqqxtmdnlkmkqxahfom______________________________________
-77
___________________aacagattaaaa
aaagaggaaaaacgaaaga____________
-31
