_________cgccccacccctccca
gcagtagca________________
5
_____________________________________omxckwvigajjbbufprgsctvaip
ezllzqoacrvxgqsauxacrjyqujaoyfemahhsq__________________________
-59
_________tgctg
gtgcgccta_____
-17
_____________________________cobzepqwhqxkhxmzm
trlefqundbrqztffezunptvtnzehn_________________
-53
