octysliswxfzvaxj
_wtdqni_zvfaoddn
30
topupdokmndggncphdowboaedpepeiz
_______sm_zbizrp____bo_fvgdkbgp
80
agagaaaaaagagaaaa
____________g_att
56
_pgge__hnf__y_________elfg
jbwoeclbbfpuytdoxtiqknrkbc
46
eoxm______xgtk_____uqfsbtp
kudmwjshlsbzckfhecwvnyxuis
48
gtgggaatacca
______a_a__a
36
