__cttta_
aacgatat
11
hdvngitvewlqogsrmoktahvsliybwnixltj
___eg_fmlw_nnus___qvcjnzerylzxgmcfc
31
ogihbbbjcbcwirifywtodhq
_________ycddhyuy_vlvwj
21
catagagctcagccg
_____agc_c__ccg
8
