_________________________gqmlxkkiizhnl
uprumgtnbtmpsmzmktpyvqbku_____________
-49
______aataca
tccccg______
-6
______________________ffrolqknflkvvxschpnqufikmcojdidcmdqbvr
kopyiodkljpqgouwxutzkb______________________________________
10
_______ccc
aatatta___
-15
__________________ocnuusjizidzummggqmubvxcduhhjyu
uziztwvehdlqjlhfmj_______________________________
8
