__ag_______tta___
gcagcccacacccacgc
38
caaaagagtaaa
gagaa_agataa
6
ttctgcgccatgttgg
ggat__aaca__caca
17
