___a______ca
tccactccccca
9
iinkl_____lr_________riqpofhe
oduqltpuxezrettckdzimrkczojdz
36
tc_a_____t__a____aa
acaaccccctccaccgccg
18
_rqz____urlx_wze
br_zllcsumaxkvky
18
