eocsozwprgfltvazutqrzdegcdqddvuudbsewtb
______________________vyurvvfqgoitpjney
-73
gcacctccgccagccaccc
______________cttgg
-29
________________wlacwjxzui
iccimkxgmwmhqthfqigotybahv
-14
dnpqmfbfkaiowdfqrauipugettimyjqztjmhyih
______oxqppappynujlhiuyfkytfqssxvkpypjc
-105
blcxejhyghpypgrzgdxaivofkrfkjkmpsibs
_zjaweolrbeoqadkemmluhhalwgmzcsfsryk
-106
cccccccctccatcggtc
_____________ccaca
-28
