__________________hkxkrdzjtuqpnxyk
iqluubmtuoeehwjswqcrffynbkakndxqua
54
rkuvheltdzdyipkfqlsvzrasmnwvhoarx
_gdboeqahkerbirfxewkniipfdbcmbfgw
5
__cgtcctgcggaggtgtg
ggattacggctgttttgtt
6
xkwabwzcbgwcobkvvtynri
___________hqwwxcxldjm
55
tcccccacccg
tgaatgttaaa
0
________caaaaag
tatttgttatgtttt
24
