___g______a_t_ag__ctggc__tc__g_ggc
acagaaaacaattaagta_t_gctttctaga__c
22
__ttatta_gttaggtagcacggtc_gtccc_c_ca
aa__a__acgtt__gt__ca___tca__cccacgc_
20
__ca__tagttattagctatgg_gg__ta_c_ccatcgc
tacagttag__a__ag___tggtggcc_acctcca___c
20
