___________________________gteawlywgagltotoneqmgqz
gaailryakcdyyrocafnnabkoxkv_______________o_______
15
________________________ntvmggnktrfkursysgfs
vnmgyrpswlrjjddceppdbtdx____________________
12
_______________________gtkxgvblmydojm
vugjisopngxfyvpkmucdttq______________
27
___________gctgggcttttggttc
tccttagtgca__________t_g___
-9
______cagcgtattgtgtt
aaaaga_a____a_______
-18
__tgtaaaggccccgttct
ta___aaa_________c_
-33
