__________gtcc
aaacaaggaagt__
10
___________qea_______scodoadcwotiu
ymeegzfplwl_eabzyyjit__________t__
18
___mrbxjen___sccr____yuh__fetuxisq__jjhiocoyyfz______zlqem_
znp____j_npat___ritzq__hgj____x__qdw__h_oc____zarpwiw____mk
21
mmscvgmf_wv______lkfmne_fvi__vxtcxntcfo____cacd_wpn_eg
_______fq_vpqbood_____ea__imr_________oiuuy___dz__nq__
16
