aaaataaaatacgaaaa
_accgggcct_c___tg
33
aaaaaaaaaaatgg
_______aaaa___
30
ccgtccgttgc
___t_c___g_
24
__qx_x___ddw_qllxmohqmk__qgpd__b
nyyxgxyvjcswrczujpxhwdkhhdnudaux
52
ccacccattccctcaccac
__a_tga__gactta__ac
31
